 goproxy-gui

 Timestamp is 58825fca (Sat Jan 21 03:06:50 2017)

 Preferred load address is 00400000

 Start         Length     Name                   Class
 0001:00000000 0000808aH .text                   CODE
 0002:00000000 0000018cH .idata$5                DATA
 0002:00000190 000004e0H .rdata                  DATA
 0002:00000670 0000003cH .idata$2                DATA
 0002:000006ac 00000014H .idata$3                DATA
 0002:000006c0 0000018cH .idata$4                DATA
 0002:0000084c 000006eeH .idata$6                DATA
 0002:00000f3a 00000000H .edata                  DATA
 0003:00000000 00000004H .CRT$XCA                DATA
 0003:00000004 00000004H .CRT$XCZ                DATA
 0003:00000008 00000004H .CRT$XIA                DATA
 0003:0000000c 00000004H .CRT$XIC                DATA
 0003:00000010 00000004H .CRT$XIZ                DATA
 0003:00000014 00000004H .CRT$XPA                DATA
 0003:00000018 00000004H .CRT$XPX                DATA
 0003:0000001c 00000004H .CRT$XPZ                DATA
 0003:00000020 00000004H .CRT$XTA                DATA
 0003:00000024 00000004H .CRT$XTZ                DATA
 0003:00000030 000032b0H .data                   DATA
 0003:000032e0 00003504H .bss                    DATA
 0004:00000000 00000340H .rsrc$01                DATA
 0004:00000340 00074220H .rsrc$02                DATA

  Address         Publics by Value              Rva+Base     Lib:Object

 0001:00000000       ?ShowTrayIcon@@YAHPBGK@Z   00401000 f   taskbar.obj
 0001:000000e9       ?DeleteTrayIcon@@YAHXZ     004010e9 f   taskbar.obj
 0001:00000125       ?ShowPopupMenu@@YAHXZ      00401125 f   taskbar.obj
 0001:000002b8       ?ParseSubMenuList@@YAHXZ   004012b8 f   taskbar.obj
 0001:0000032d       ?InitInstance@@YAHPAUHINSTANCE__@@H@Z 0040132d f   taskbar.obj
 0001:0000037e       ?CDCurrentDirectory@@YAHXZ 0040137e f   taskbar.obj
 0001:000003f7       ?SetEenvironment@@YAHXZ    004013f7 f   taskbar.obj
 0001:000004aa       ?ConsoleHandler@@YGHK@Z    004014aa f   taskbar.obj
 0001:000004d5       ?CreateConsole@@YAHXZ      004014d5 f   taskbar.obj
 0001:000005ec       ?ExecCmdline@@YAHXZ        004015ec f   taskbar.obj
 0001:00000710       ?TryDeleteUpdateFiles@@YAHXZ 00401710 f   taskbar.obj
 0001:0000077f       ?ReloadCmdline@@YAHXZ      0040177f f   taskbar.obj
 0001:0000081d       ?WndProc@@YGJPAUHWND__@@IIJ@Z 0040181d f   taskbar.obj
 0001:00000991       ?MyRegisterClass@@YAGPAUHINSTANCE__@@@Z 00401991 f   taskbar.obj
 0001:00000a02       _wWinMain@16               00401a02 f   taskbar.obj
 0001:00000a90       _memset                    00401a90 f   LIBC:memset.obj
 0001:00000ae8       _wcslen                    00401ae8 f   LIBC:wcslen.obj
 0001:00000b05       _wcscmp                    00401b05 f   LIBC:wcscmp.obj
 0001:00000b3a       _wcstok                    00401b3a f   LIBC:wcstok.obj
 0001:00000bdb       _free                      00401bdb f   LIBC:free.obj
 0001:00000c44       __wcsdup                   00401c44 f   LIBC:wcsdup.obj
 0001:00000c72       _wcsrchr                   00401c72 f   LIBC:wcsrchr.obj
 0001:00000cc0       __alloca_probe             00401cc0 f   LIBC:chkstk.obj
 0001:00000cc0       __chkstk                   00401cc0 f   LIBC:chkstk.obj
 0001:00000cef       _wcschr                    00401cef f   LIBC:wcschr.obj
 0001:00000d18       _printf                    00401d18 f   LIBC:printf.obj
 0001:00000d49       __wfreopen                 00401d49 f   LIBC:wfreopen.obj
 0001:00000d7d       ___initstdio               00401d7d f   LIBC:_file.obj
 0001:00000e22       ___endstdio                00401e22 f   LIBC:_file.obj
 0001:00000e36       _wprintf                   00401e36 f   LIBC:wprintf.obj
 0001:00000e67       __wsystem                  00401e67 f   LIBC:wsystem.obj
 0001:00000efd       _wWinMainCRTStartup        00401efd f   LIBC:wwincrt0.obj
 0001:00000ff2       __amsg_exit                00401ff2 f   LIBC:wwincrt0.obj
 0001:0000103b       __GetLinkerVersion         0040203b f   LIBC:heapinit.obj
 0001:00001068       ___heap_select             00402068 f   LIBC:heapinit.obj
 0001:000011b0       __heap_init                004021b0 f   LIBC:heapinit.obj
 0001:0000120d       ___sbh_heap_init           0040220d f   LIBC:sbheap.obj
 0001:00001255       ___sbh_find_block          00402255 f   LIBC:sbheap.obj
 0001:00001280       ___sbh_free_block          00402280 f   LIBC:sbheap.obj
 0001:000015a9       ___sbh_alloc_block         004025a9 f   LIBC:sbheap.obj
 0001:000018b2       ___sbh_alloc_new_region    004028b2 f   LIBC:sbheap.obj
 0001:00001963       ___sbh_alloc_new_group     00402963 f   LIBC:sbheap.obj
 0001:00001a5e       ___sbh_resize_block        00402a5e f   LIBC:sbheap.obj
 0001:00001d54       ___old_sbh_new_region      00402d54 f   LIBC:sbheap.obj
 0001:00001e98       ___old_sbh_release_region  00402e98 f   LIBC:sbheap.obj
 0001:00001eee       ___old_sbh_decommit_pages  00402eee f   LIBC:sbheap.obj
 0001:00001fb0       ___old_sbh_find_block      00402fb0 f   LIBC:sbheap.obj
 0001:00002007       ___old_sbh_free_block      00403007 f   LIBC:sbheap.obj
 0001:0000204c       ___old_sbh_alloc_block     0040304c f   LIBC:sbheap.obj
 0001:00002254       ___old_sbh_alloc_block_from_page 00403254 f   LIBC:sbheap.obj
 0001:00002378       ___old_sbh_resize_block    00403378 f   LIBC:sbheap.obj
 0001:00002421       _wcscat                    00403421 f   LIBC:wcscat.obj
 0001:0000244b       _wcscpy                    0040344b f   LIBC:wcscat.obj
 0001:00002470       _malloc                    00403470 f   LIBC:malloc.obj
 0001:00002482       __nh_malloc                00403482 f   LIBC:malloc.obj
 0001:000024ae       __heap_alloc               004034ae f   LIBC:malloc.obj
 0001:00002522       __stbuf                    00403522 f   LIBC:_sftbuf.obj
 0001:000025af       __ftbuf                    004035af f   LIBC:_sftbuf.obj
 0001:000025ec       __output                   004035ec f   LIBC:output.obj
 0001:00002e46       __wopenfile                00403e46 f   LIBC:_wopen.obj
 0001:00002fbc       _fclose                    00403fbc f   LIBC:fclose.obj
 0001:00003012       __ioinit                   00404012 f   LIBC:ioinit.obj
 0001:000031bd       _calloc                    004041bd f   LIBC:calloc.obj
 0001:0000326e       __fcloseall                0040426e f   LIBC:closeall.obj
 0001:000032c6       __cinit                    004042c6 f   LIBC:crt0dat.obj
 0001:000032f3       _exit                      004042f3 f   LIBC:crt0dat.obj
 0001:00003304       __exit                     00404304 f   LIBC:crt0dat.obj
 0001:000033c8       _fflush                    004043c8 f   LIBC:fflush.obj
 0001:00003403       __flush                    00404403 f   LIBC:fflush.obj
 0001:0000345f       __flushall                 0040445f f   LIBC:fflush.obj
 0001:000034d5       __woutput                  004044d5 f   LIBC:woutput.obj
 0001:00003d01       __wspawnvpe                00404d01 f   LIBC:wspwnvpe.obj
 0001:00003e40       __wspawnve                 00404e40 f   LIBC:wspawnve.obj
 0001:00003fd4       __waccess                  00404fd4 f   LIBC:waccess.obj
 0001:00004018       __wgetenv                  00405018 f   LIBC:wgetenv.obj
 0001:00004096       __XcptFilter               00405096 f   LIBC:winxfltr.obj
 0001:0000421a       __wwincmdln                0040521a f   LIBC:wwncmdln.obj
 0001:0000425f       __wsetenvp                 0040525f f   LIBC:wstdenvp.obj
 0001:00004317       __wsetargv                 00405317 f   LIBC:wstdargv.obj
 0001:00004540       ___crtGetEnvironmentStringsW 00405540 f   LIBC:w_env.obj
 0001:000046ad       ___crtGetCommandLineW      004056ad f   LIBC:aw_com.obj
 0001:00004750       __global_unwind2           00405750 f   LIBC:exsup.obj
 0001:00004792       __local_unwind2            00405792 f   LIBC:exsup.obj
 0001:000047ea       __NLG_Return2              004057ea f   LIBC:exsup.obj
 0001:000047fa       __abnormal_termination     004057fa f   LIBC:exsup.obj
 0001:0000481d       __NLG_Notify1              0040581d f   LIBC:exsup.obj
 0001:00004826       __NLG_Notify               00405826 f   LIBC:exsup.obj
 0001:00004839       __NLG_Dispatch             00405839 f   LIBC:exsup.obj
 0001:00004848       __except_handler3          00405848 f   LIBC:exsup3.obj
 0001:00004905       __seh_longjmp_unwind@4     00405905 f   LIBC:exsup3.obj
 0001:00004920       __FF_MSGBANNER             00405920 f   LIBC:crt0msg.obj
 0001:00004959       __NMSG_WRITE               00405959 f   LIBC:crt0msg.obj
 0001:00004aac       _strtol                    00405aac f   LIBC:strtol.obj
 0001:00004ce0       _strchr                    00405ce0 f   LIBC:strchr.obj
 0001:00004ce6       ___from_strstr_to_strchr   00405ce6 f   LIBC:strchr.obj
 0001:00004da0       _strstr                    00405da0 f   LIBC:strstr.obj
 0001:00004e20       _strncmp                   00405e20 f   LIBC:strncmp.obj
 0001:00004e60       _memmove                   00405e60 f   LIBC:memmove.obj
 0001:00005195       __callnewh                 00406195 f   LIBC:handler.obj
 0001:000051b0       __isatty                   004061b0 f   LIBC:isatty.obj
 0001:000051e0       _strlen                    004061e0 f   LIBC:strlen.obj
 0001:0000525b       _wctomb                    0040625b f   LIBC:wctomb.obj
 0001:000052d0       __aulldiv                  004062d0 f   LIBC:ulldiv.obj
 0001:00005340       __aullrem                  00406340 f   LIBC:ullrem.obj
 0001:000053b5       __flsbuf                   004063b5 f   LIBC:_flsbuf.obj
 0001:000054ca       __wsopen                   004064ca f   LIBC:wopen.obj
 0001:00005784       __close                    00406784 f   LIBC:close.obj
 0001:00005837       __freebuf                  00406837 f   LIBC:_freebuf.obj
 0001:00005862       __commit                   00406862 f   LIBC:commit.obj
 0001:000058b9       __write                    004068b9 f   LIBC:write.obj
 0001:00005a66       _mbtowc                    00406a66 f   LIBC:mbtowc.obj
 0001:00005b2e       _fputwc                    00406b2e f   LIBC:fputwc.obj
 0001:00005c23       __wgetpath                 00406c23 f   LIBC:wgetpath.obj
 0001:00005cb3       __wdospawn                 00406cb3 f   LIBC:wdospawn.obj
 0001:00005e9b       __wcenvarg                 00406e9b f   LIBC:wcenvarg.obj
 0001:000060d5       __dosmaperr                004070d5 f   LIBC:dosmap.obj
 0001:0000613c       __wcsnicoll                0040713c f   LIBC:wcsnicol.obj
 0001:0000619a       ___mbtow_environ           0040719a f   LIBC:mbtowenv.obj
 0001:00006210       _memcpy                    00407210 f   LIBC:memcpy.obj
 0001:00006545       ___crtMessageBoxA          00407545 f   LIBC:crtmbox.obj
 0001:000065d0       _strcpy                    004075d0 f   LIBC:strcat.obj
 0001:000065e0       _strcat                    004075e0 f   LIBC:strcat.obj
 0001:000066c0       _strncpy                   004076c0 f   LIBC:strncpy.obj
 0001:000067be       _toupper                   004077be f   LIBC:toupper.obj
 0001:0000688a       __isctype                  0040788a f   LIBC:isctype.obj
 0001:000068ff       __fptrap                   004078ff f   LIBC:crt0fp.obj
 0001:00006908       __lseek                    00407908 f   LIBC:lseek.obj
 0001:000069a2       __getbuf                   004079a2 f   LIBC:_getbuf.obj
 0001:000069e6       __chsize                   004079e6 f   LIBC:chsize.obj
 0001:00006b2c       __read                     00407b2c f   LIBC:read.obj
 0001:00006d22       __alloc_osfhnd             00407d22 f   LIBC:osfinfo.obj
 0001:00006db7       __set_osfhnd               00407db7 f   LIBC:osfinfo.obj
 0001:00006e2e       __free_osfhnd              00407e2e f   LIBC:osfinfo.obj
 0001:00006ea8       __get_osfhandle            00407ea8 f   LIBC:osfinfo.obj
 0001:00006ee5       __flswbuf                  00407ee5 f   LIBC:_flswbuf.obj
 0001:00007009       ___crtCompareStringW       00408009 f   LIBC:w_cmp.obj
 0001:00007224       __wcsnicmp                 00408224 f   LIBC:wcsnicmp.obj
 0001:000072ba       ___crtwsetenv              004082ba f   LIBC:wsetenv.obj
 0001:00007510       ___crtLCMapStringA         00408510 f   LIBC:a_map.obj
 0001:0000775f       ___crtGetStringTypeA       0040875f f   LIBC:a_str.obj
 0001:000078a8       __setmode                  004088a8 f   LIBC:setmode.obj
 0001:0000791e       _towlower                  0040891e f   LIBC:towlower.obj
 0001:00007993       _realloc                   00408993 f   LIBC:realloc.obj
 0001:00007c33       ___crtLCMapStringW         00408c33 f   LIBC:w_map.obj
 0001:00007e6c       _iswctype                  00408e6c f   LIBC:iswctype.obj
 0001:00007ebe       ___crtGetStringTypeW       00408ebe f   LIBC:w_str.obj
 0001:00008084       _RtlUnwind@16              00409084 f   kernel32:KERNEL32.dll
 0002:00000000       __imp__lstrlenW@4          0040a000     kernel32:KERNEL32.dll
 0002:00000004       __imp__lstrcpyW@8          0040a004     kernel32:KERNEL32.dll
 0002:00000008       __imp__GetSystemDefaultLCID@0 0040a008     kernel32:KERNEL32.dll
 0002:0000000c       __imp__ExpandEnvironmentStringsW@12 0040a00c     kernel32:KERNEL32.dll
 0002:00000010       __imp__SetEnvironmentVariableW@8 0040a010     kernel32:KERNEL32.dll
 0002:00000014       __imp__SetCurrentDirectoryW@4 0040a014     kernel32:KERNEL32.dll
 0002:00000018       __imp__GetModuleFileNameW@12 0040a018     kernel32:KERNEL32.dll
 0002:0000001c       __imp__GetEnvironmentVariableW@12 0040a01c     kernel32:KERNEL32.dll
 0002:00000020       __imp__SetConsoleScreenBufferSize@8 0040a020     kernel32:KERNEL32.dll
 0002:00000024       __imp__GetConsoleScreenBufferInfo@8 0040a024     kernel32:KERNEL32.dll
 0002:00000028       __imp__GetStdHandle@4      0040a028     kernel32:KERNEL32.dll
 0002:0000002c       __imp__SetConsoleCtrlHandler@8 0040a02c     kernel32:KERNEL32.dll
 0002:00000030       __imp__GetConsoleWindow@0  0040a030     kernel32:KERNEL32.dll
 0002:00000034       __imp__AllocConsole@0      0040a034     kernel32:KERNEL32.dll
 0002:00000038       __imp__CloseHandle@4       0040a038     kernel32:KERNEL32.dll
 0002:0000003c       __imp__ExitProcess@4       0040a03c     kernel32:KERNEL32.dll
 0002:00000040       __imp__CreateProcessW@40   0040a040     kernel32:KERNEL32.dll
 0002:00000044       __imp__GetProcAddress@8    0040a044     kernel32:KERNEL32.dll
 0002:00000048       __imp__GetModuleHandleW@4  0040a048     kernel32:KERNEL32.dll
 0002:0000004c       __imp__FindClose@4         0040a04c     kernel32:KERNEL32.dll
 0002:00000050       __imp__FindNextFileW@8     0040a050     kernel32:KERNEL32.dll
 0002:00000054       __imp__DeleteFileW@4       0040a054     kernel32:KERNEL32.dll
 0002:00000058       __imp__FindFirstFileW@8    0040a058     kernel32:KERNEL32.dll
 0002:0000005c       __imp__Sleep@4             0040a05c     kernel32:KERNEL32.dll
 0002:00000060       __imp__GetStringTypeA@20   0040a060     kernel32:KERNEL32.dll
 0002:00000064       __imp__LCMapStringW@24     0040a064     kernel32:KERNEL32.dll
 0002:00000068       __imp__LCMapStringA@24     0040a068     kernel32:KERNEL32.dll
 0002:0000006c       __imp__CompareStringW@24   0040a06c     kernel32:KERNEL32.dll
 0002:00000070       __imp__CompareStringA@24   0040a070     kernel32:KERNEL32.dll
 0002:00000074       __imp__SetStdHandle@8      0040a074     kernel32:KERNEL32.dll
 0002:00000078       __imp__ReadFile@20         0040a078     kernel32:KERNEL32.dll
 0002:0000007c       __imp__SetEndOfFile@4      0040a07c     kernel32:KERNEL32.dll
 0002:00000080       __imp__SetFilePointer@16   0040a080     kernel32:KERNEL32.dll
 0002:00000084       __imp__LoadLibraryA@4      0040a084     kernel32:KERNEL32.dll
 0002:00000088       __imp__WaitForSingleObject@8 0040a088     kernel32:KERNEL32.dll
 0002:0000008c       __imp__GetExitCodeProcess@8 0040a08c     kernel32:KERNEL32.dll
 0002:00000090       __imp__FlushFileBuffers@4  0040a090     kernel32:KERNEL32.dll
 0002:00000094       __imp__CreateFileW@28      0040a094     kernel32:KERNEL32.dll
 0002:00000098       __imp__WideCharToMultiByte@32 0040a098     kernel32:KERNEL32.dll
 0002:0000009c       __imp__WriteFile@20        0040a09c     kernel32:KERNEL32.dll
 0002:000000a0       __imp__RtlUnwind@16        0040a0a0     kernel32:KERNEL32.dll
 0002:000000a4       __imp__GetCommandLineA@0   0040a0a4     kernel32:KERNEL32.dll
 0002:000000a8       __imp__GetCommandLineW@0   0040a0a8     kernel32:KERNEL32.dll
 0002:000000ac       __imp__GetEnvironmentStrings@0 0040a0ac     kernel32:KERNEL32.dll
 0002:000000b0       __imp__GetEnvironmentStringsW@0 0040a0b0     kernel32:KERNEL32.dll
 0002:000000b4       __imp__FreeEnvironmentStringsW@4 0040a0b4     kernel32:KERNEL32.dll
 0002:000000b8       __imp__MultiByteToWideChar@24 0040a0b8     kernel32:KERNEL32.dll
 0002:000000bc       __imp__FreeEnvironmentStringsA@4 0040a0bc     kernel32:KERNEL32.dll
 0002:000000c0       __imp__UnhandledExceptionFilter@4 0040a0c0     kernel32:KERNEL32.dll
 0002:000000c4       __imp__GetStringTypeW@16   0040a0c4     kernel32:KERNEL32.dll
 0002:000000c8       __imp__GetFileAttributesW@4 0040a0c8     kernel32:KERNEL32.dll
 0002:000000cc       __imp__GetLastError@0      0040a0cc     kernel32:KERNEL32.dll
 0002:000000d0       __imp__HeapFree@12         0040a0d0     kernel32:KERNEL32.dll
 0002:000000d4       __imp__GetModuleHandleA@4  0040a0d4     kernel32:KERNEL32.dll
 0002:000000d8       __imp__GetStartupInfoW@4   0040a0d8     kernel32:KERNEL32.dll
 0002:000000dc       __imp__GetVersion@0        0040a0dc     kernel32:KERNEL32.dll
 0002:000000e0       __imp__GetModuleFileNameA@12 0040a0e0     kernel32:KERNEL32.dll
 0002:000000e4       __imp__GetEnvironmentVariableA@12 0040a0e4     kernel32:KERNEL32.dll
 0002:000000e8       __imp__GetVersionExA@4     0040a0e8     kernel32:KERNEL32.dll
 0002:000000ec       __imp__HeapDestroy@4       0040a0ec     kernel32:KERNEL32.dll
 0002:000000f0       __imp__HeapCreate@12       0040a0f0     kernel32:KERNEL32.dll
 0002:000000f4       __imp__VirtualFree@12      0040a0f4     kernel32:KERNEL32.dll
 0002:000000f8       __imp__HeapAlloc@12        0040a0f8     kernel32:KERNEL32.dll
 0002:000000fc       __imp__VirtualAlloc@16     0040a0fc     kernel32:KERNEL32.dll
 0002:00000100       __imp__HeapReAlloc@16      0040a100     kernel32:KERNEL32.dll
 0002:00000104       __imp__SetHandleCount@4    0040a104     kernel32:KERNEL32.dll
 0002:00000108       __imp__GetFileType@4       0040a108     kernel32:KERNEL32.dll
 0002:0000010c       __imp__GetStartupInfoA@4   0040a10c     kernel32:KERNEL32.dll
 0002:00000110       __imp__TerminateProcess@8  0040a110     kernel32:KERNEL32.dll
 0002:00000114       __imp__GetCurrentProcess@0 0040a114     kernel32:KERNEL32.dll
 0002:00000118       \177KERNEL32_NULL_THUNK_DATA 0040a118     kernel32:KERNEL32.dll
 0002:0000011c       __imp__Shell_NotifyIconW@8 0040a11c     shell32:SHELL32.dll
 0002:00000120       \177SHELL32_NULL_THUNK_DATA 0040a120     shell32:SHELL32.dll
 0002:00000124       __imp__GetMessageW@16      0040a124     user32:USER32.dll
 0002:00000128       __imp__TranslateMessage@4  0040a128     user32:USER32.dll
 0002:0000012c       __imp__DispatchMessageW@4  0040a12c     user32:USER32.dll
 0002:00000130       __imp__LoadCursorW@8       0040a130     user32:USER32.dll
 0002:00000134       __imp__RegisterClassExW@4  0040a134     user32:USER32.dll
 0002:00000138       __imp__RegisterWindowMessageW@4 0040a138     user32:USER32.dll
 0002:0000013c       __imp__DefWindowProcW@16   0040a13c     user32:USER32.dll
 0002:00000140       __imp__IsWindowVisible@4   0040a140     user32:USER32.dll
 0002:00000144       __imp__PostQuitMessage@4   0040a144     user32:USER32.dll
 0002:00000148       __imp__wsprintfW           0040a148     user32:USER32.dll
 0002:0000014c       __imp__SetWindowTextW@8    0040a14c     user32:USER32.dll
 0002:00000150       __imp__MessageBoxW@16      0040a150     user32:USER32.dll
 0002:00000154       __imp__SetForegroundWindow@4 0040a154     user32:USER32.dll
 0002:00000158       __imp__SendMessageW@16     0040a158     user32:USER32.dll
 0002:0000015c       __imp__LoadStringW@16      0040a15c     user32:USER32.dll
 0002:00000160       __imp__CreateWindowExW@48  0040a160     user32:USER32.dll
 0002:00000164       __imp__ShowWindow@8        0040a164     user32:USER32.dll
 0002:00000168       __imp__UpdateWindow@4      0040a168     user32:USER32.dll
 0002:0000016c       __imp__AppendMenuW@16      0040a16c     user32:USER32.dll
 0002:00000170       __imp__CreatePopupMenu@0   0040a170     user32:USER32.dll
 0002:00000174       __imp__GetCursorPos@4      0040a174     user32:USER32.dll
 0002:00000178       __imp__TrackPopupMenu@28   0040a178     user32:USER32.dll
 0002:0000017c       __imp__PostMessageW@16     0040a17c     user32:USER32.dll
 0002:00000180       __imp__DestroyMenu@4       0040a180     user32:USER32.dll
 0002:00000184       __imp__LoadIconW@8         0040a184     user32:USER32.dll
 0002:00000188       \177USER32_NULL_THUNK_DATA 0040a188     user32:USER32.dll
 0002:00000190       ??_C@_1BA@OMOC@?$AAc?$AAm?$AAd?$AA?4?$AAe?$AAx?$AAe?$AA?$AA@ 0040a190     LIBC:wsystem.obj
 0002:000001a0       ??_C@_1BI@PFHA@?$AAc?$AAo?$AAm?$AAm?$AAa?$AAn?$AAd?$AA?4?$AAc?$AAo?$AAm?$AA?$AA@ 0040a1a0     LIBC:wsystem.obj
 0002:000001b8       ??_C@_15FEDO@?$AA?1?$AAc?$AA?$AA@ 0040a1b8     LIBC:wsystem.obj
 0002:000001c0       ??_C@_1BA@NIMI@?$AAC?$AAO?$AAM?$AAS?$AAP?$AAE?$AAC?$AA?$AA@ 0040a1c0     LIBC:wsystem.obj
 0002:000001dc       ??_C@_0BH@PHHF@__GLOBAL_HEAP_SELECTED?$AA@ 0040a1dc     LIBC:heapinit.obj
 0002:000001f4       ??_C@_0BF@BBGL@__MSVCRT_HEAP_SELECT?$AA@ 0040a1f4     LIBC:heapinit.obj
 0002:0000020c       ___lookuptable             0040a20c     LIBC:output.obj
 0002:00000268       ??_C@_1O@POHA@?$AA?$CI?$AAn?$AAu?$AAl?$AAl?$AA?$CJ?$AA?$AA@ 0040a268     LIBC:output.obj
 0002:00000278       ??_C@_06ONKE@?$CInull?$CJ?$AA@ 0040a278     LIBC:output.obj
 0002:00000280       ??_C@_13HMCP@?$AA?2?$AA?$AA@ 0040a280     LIBC:wspwnvpe.obj
 0002:00000284       ??_C@_19KDPP@?$AAP?$AAA?$AAT?$AAH?$AA?$AA@ 0040a284     LIBC:wspwnvpe.obj
 0002:00000290       ??_C@_19PDDO@?$AA?4?$AAc?$AAo?$AAm?$AA?$AA@ 0040a290     LIBC:wspawnve.obj
 0002:0000029c       ??_C@_19OGFJ@?$AA?4?$AAe?$AAx?$AAe?$AA?$AA@ 0040a29c     LIBC:wspawnve.obj
 0002:000002a8       ??_C@_19PPJH@?$AA?4?$AAb?$AAa?$AAt?$AA?$AA@ 0040a2a8     LIBC:wspawnve.obj
 0002:000002b4       ??_C@_19HBNH@?$AA?4?$AAc?$AAm?$AAd?$AA?$AA@ 0040a2b4     LIBC:wspawnve.obj
 0002:000002c0       ??_C@_15LJHA@?$AA?4?$AA?2?$AA?$AA@ 0040a2c0     LIBC:wspawnve.obj
 0002:000002c8       ??_C@_0P@GGKG@runtime?5error?5?$AA@ 0040a2c8     LIBC:crt0msg.obj
 0002:000002d8       ??_C@_02PIMC@?$AN?6?$AA@   0040a2d8     LIBC:crt0msg.obj
 0002:000002dc       ??_C@_0O@DELO@TLOSS?5error?$AN?6?$AA@ 0040a2dc     LIBC:crt0msg.obj
 0002:000002ec       ??_C@_0N@OMLL@SING?5error?$AN?6?$AA@ 0040a2ec     LIBC:crt0msg.obj
 0002:000002fc       ??_C@_0P@OJAK@DOMAIN?5error?$AN?6?$AA@ 0040a2fc     LIBC:crt0msg.obj
 0002:0000030c       ??_C@_0CF@EANP@R6028?$AN?6?9?5unable?5to?5initialize?5he@ 0040a30c     LIBC:crt0msg.obj
 0002:00000334       ??_C@_0DF@ECGN@R6027?$AN?6?9?5not?5enough?5space?5for?5lo@ 0040a334     LIBC:crt0msg.obj
 0002:0000036c       ??_C@_0DF@FKAC@R6026?$AN?6?9?5not?5enough?5space?5for?5st@ 0040a36c     LIBC:crt0msg.obj
 0002:000003a4       ??_C@_0CG@DPMN@R6025?$AN?6?9?5pure?5virtual?5function?5c@ 0040a3a4     LIBC:crt0msg.obj
 0002:000003cc       ??_C@_0DF@CKIP@R6024?$AN?6?9?5not?5enough?5space?5for?5_o@ 0040a3cc     LIBC:crt0msg.obj
 0002:00000404       ??_C@_0CJ@GGOE@R6019?$AN?6?9?5unable?5to?5open?5console?5@ 0040a404     LIBC:crt0msg.obj
 0002:00000430       ??_C@_0CB@LBOB@R6018?$AN?6?9?5unexpected?5heap?5error?$AN?6@ 0040a430     LIBC:crt0msg.obj
 0002:00000454       ??_C@_0CN@FPEG@R6017?$AN?6?9?5unexpected?5multithread?5@ 0040a454     LIBC:crt0msg.obj
 0002:00000484       ??_C@_0CM@OBIC@R6016?$AN?6?9?5not?5enough?5space?5for?5th@ 0040a484     LIBC:crt0msg.obj
 0002:000004b0       ??_C@_0CB@HPAL@?$AN?6abnormal?5program?5termination?$AN?6@ 0040a4b0     LIBC:crt0msg.obj
 0002:000004d4       ??_C@_0CM@JOOB@R6009?$AN?6?9?5not?5enough?5space?5for?5en@ 0040a4d4     LIBC:crt0msg.obj
 0002:00000500       ??_C@_0CK@OIBL@R6008?$AN?6?9?5not?5enough?5space?5for?5ar@ 0040a500     LIBC:crt0msg.obj
 0002:0000052c       ??_C@_0CF@LKPB@R6002?$AN?6?9?5floating?5point?5not?5load@ 0040a52c     LIBC:crt0msg.obj
 0002:00000554       ??_C@_0CF@JPDF@Microsoft?5Visual?5C?$CL?$CL?5Runtime?5Lib@ 0040a554     LIBC:crt0msg.obj
 0002:0000057c       ??_C@_02JJJH@?6?6?$AA@     0040a57c     LIBC:crt0msg.obj
 0002:00000580       ??_C@_0BK@DEOK@Runtime?5Error?$CB?6?6Program?3?5?$AA@ 0040a580     LIBC:crt0msg.obj
 0002:0000059c       ??_C@_03NAME@?4?4?4?$AA@   0040a59c     LIBC:crt0msg.obj
 0002:000005a0       ??_C@_0BH@NNCD@?$DMprogram?5name?5unknown?$DO?$AA@ 0040a5a0     LIBC:crt0msg.obj
 0002:000005b8       ??_C@_0BD@NJFP@GetLastActivePopup?$AA@ 0040a5b8     LIBC:crtmbox.obj
 0002:000005cc       ??_C@_0BA@GILI@GetActiveWindow?$AA@ 0040a5cc     LIBC:crtmbox.obj
 0002:000005dc       ??_C@_0M@PKCK@MessageBoxA?$AA@ 0040a5dc     LIBC:crtmbox.obj
 0002:000005e8       ??_C@_0L@HKL@user32?4dll?$AA@ 0040a5e8     LIBC:crtmbox.obj
 0002:000005f4       ??_C@_01A@?$AA?$AA@        0040a5f4     LIBC:w_cmp.obj
 0002:000005f8       ??_C@_13A@?$AA?$AA?$AA?$AA@ 0040a5f8     LIBC:w_cmp.obj
 0002:00000670       __IMPORT_DESCRIPTOR_KERNEL32 0040a670     kernel32:KERNEL32.dll
 0002:00000684       __IMPORT_DESCRIPTOR_USER32 0040a684     user32:USER32.dll
 0002:00000698       __IMPORT_DESCRIPTOR_SHELL32 0040a698     shell32:SHELL32.dll
 0002:000006ac       __NULL_IMPORT_DESCRIPTOR   0040a6ac     kernel32:KERNEL32.dll
 0003:00000000       ___xc_a                    0040b000     LIBC:crt0init.obj
 0003:00000004       ___xc_z                    0040b004     LIBC:crt0init.obj
 0003:00000008       ___xi_a                    0040b008     LIBC:crt0init.obj
 0003:00000010       ___xi_z                    0040b010     LIBC:crt0init.obj
 0003:00000014       ___xp_a                    0040b014     LIBC:crt0init.obj
 0003:0000001c       ___xp_z                    0040b01c     LIBC:crt0init.obj
 0003:00000020       ___xt_a                    0040b020     LIBC:crt0init.obj
 0003:00000024       ___xt_z                    0040b024     LIBC:crt0init.obj
 0003:00000030       ?szWindowClass@@3PAGA      0040b030     taskbar.obj
 0003:00000050       ?szCommandLine@@3PAGA      0040b050     taskbar.obj
 0003:00000854       ??_C@_19LBPG@?$AAE?$AAx?$AAi?$AAt?$AA?$AA@ 0040b854     taskbar.obj
 0003:00000860       ??_C@_15PDFE@?$JA?$AAQ?z?$AA?$AA@ 0040b860     taskbar.obj
 0003:00000868       ??_C@_1O@HFMP@?$AAR?$AAe?$AAl?$AAo?$AAa?$AAd?$AA?$AA@ 0040b868     taskbar.obj
 0003:00000878       ??_C@_19IACK@?$JB?Me?$LA?$IP?$HNQe?$AA?$AA@ 0040b878     taskbar.obj
 0003:00000884       ??_C@_1BO@PPNF@?$AAS?$AAe?$AAt?$AA?5?$AAI?$AAE?$AA?5?$AAS?$AAu?$AAb?$AAM?$AAe?$AAn?$AAu?$AA?$AA@ 0040b884     taskbar.obj
 0003:000008a4       ??_C@_1BC@JKKE@?$IL?$LO?$HPn?$AA?5?$AAI?$AAE?$AA?5N?ct?$AG?$AA?$AA@ 0040b8a4     taskbar.obj
 0003:000008b8       ??_C@_19PNPG@?$AAH?$AAi?$AAd?$AAe?$AA?$AA@ 0040b8b8     taskbar.obj
 0003:000008c4       ??_C@_15IKFK@?$JG?$JA?$IF?O?$AA?$AA@ 0040b8c4     taskbar.obj
 0003:000008cc       ??_C@_19MHHK@?$AAS?$AAh?$AAo?$AAw?$AA?$AA@ 0040b8cc     taskbar.obj
 0003:000008d8       ??_C@_15HKG@f?$DOy?3?$AA?$AA@ 0040b8d8     taskbar.obj
 0003:000008e0       ??_C@_1O@CNJN@?$AA?$DM?$AAN?$AAo?$AAn?$AAe?$AA?$DO?$AA?$AA@ 0040b8e0     taskbar.obj
 0003:000008f0       ??_C@_19HNOP@y?$IBu?$CIN?ct?$AG?$AA?$AA@ 0040b8f0     taskbar.obj
 0003:000008fc       ??_C@_13DEJI@?$AA?6?$AA?$AA@ 0040b8fc     taskbar.obj
 0003:00000900       ??_C@_17HANN@?$AAC?$AAW?$AAD?$AA?$AA@ 0040b900     taskbar.obj
 0003:00000908       ??_C@_1CA@CAKK@?$AAT?$AAA?$AAS?$AAK?$AAB?$AAA?$AAR?$AA_?$AAB?$AAA?$AAL?$AAL?$AAO?$AAO?$AAN?$AA?$AA@ 0040b908     taskbar.obj
 0003:00000928       ??_C@_1CA@KFMD@?$AAT?$AAA?$AAS?$AAK?$AAB?$AAA?$AAR?$AA_?$AAT?$AAO?$AAO?$AAL?$AAT?$AAI?$AAP?$AA?$AA@ 0040b928     taskbar.obj
 0003:00000948       ??_C@_1BM@EJNP@?$AAT?$AAA?$AAS?$AAK?$AAB?$AAA?$AAR?$AA_?$AAT?$AAI?$AAT?$AAL?$AAE?$AA?$AA@ 0040b948     taskbar.obj
 0003:00000964       ??_C@_0CL@HIBM@Unable?5to?5set?5console?5screen?5buf@ 0040b964     taskbar.obj
 0003:00000990       ??_C@_0BM@NCLG@Unable?5to?5install?5handler?$CB?6?$AA@ 0040b990     taskbar.obj
 0003:000009ac       ??_C@_1CA@EPIL@?$AAT?$AAA?$AAS?$AAK?$AAB?$AAA?$AAR?$AA_?$AAV?$AAI?$AAS?$AAI?$AAB?$AAL?$AAE?$AA?$AA@ 0040b9ac     taskbar.obj
 0003:000009cc       ??_C@_1BA@JHBG@?$AAC?$AAO?$AAN?$AAO?$AAU?$AAT?$AA$?$AA?$AA@ 0040b9cc     taskbar.obj
 0003:000009dc       ??_C@_17BMMO@?$AAw?$AA?$CL?$AAt?$AA?$AA@ 0040b9dc     taskbar.obj
 0003:000009e4       ??_C@_1O@PKGJ@?$AAC?$AAO?$AAN?$AAI?$AAN?$AA$?$AA?$AA@ 0040b9e4     taskbar.obj
 0003:000009f4       ??_C@_17IIAN@?$AAr?$AA?$CL?$AAt?$AA?$AA@ 0040b9f4     taskbar.obj
 0003:000009fc       ??_C@_1CO@MJMI@?$AAE?$AAr?$AAr?$AAo?$AAr?$AA?3?$AA?5?$AAC?$AAa?$AAn?$AAn?$AAo?$AAt?$AA?5?$AAe?$AAx?$AAe?$AAc?$AAu?$AAt@ 0040b9fc     taskbar.obj
 0003:00000a2c       ??_C@_1DE@BMGH@?$AAE?$AAx?$AAe?$AAc?$AAC?$AAm?$AAd?$AAl?$AAi?$AAn?$AAe?$AA?5?$AA?$CC?$AA?$CF?$AAs?$AA?$CC?$AA?5?$AAf?$AAa?$AAi@ 0040ba2c     taskbar.obj
 0003:00000a60       ??_C@_1BE@JNKH@?$AAN?$AAT?$AAD?$AAL?$AAL?$AA?4?$AAD?$AAL?$AAL?$AA?$AA@ 0040ba60     taskbar.obj
 0003:00000a74       ??_C@_0BK@HAGG@ZwQueryInformationProcess?$AA@ 0040ba74     taskbar.obj
 0003:00000a90       ??_C@_1BK@PIO@?$AAK?$AAE?$AAR?$AAN?$AAE?$AAL?$AA3?$AA2?$AA?4?$AAD?$AAL?$AAL?$AA?$AA@ 0040ba90     taskbar.obj
 0003:00000aac       ??_C@_0N@KNBB@GetProcessId?$AA@ 0040baac     taskbar.obj
 0003:00000abc       ??_C@_1O@OENG@?$AA?$HO?$AA?$CK?$AA?4?$AAt?$AAm?$AAp?$AA?$AA@ 0040babc     taskbar.obj
 0003:00000acc       ??_C@_15HFPI@?$AA?6?$AA?6?$AA?$AA@ 0040bacc     taskbar.obj
 0003:00000ad4       ??_C@_1CI@CPEK@?$AAt?$AAa?$AAs?$AAk?$AAk?$AAi?$AAl?$AAl?$AA?5?$AA?1?$AAf?$AA?5?$AA?1?$AAp?$AAi?$AAd?$AA?5?$AA?$CF?$AAd?$AA?$AA@ 0040bad4     taskbar.obj
 0003:00000afc       ??_C@_1BO@MLFE@?$AAT?$AAa?$AAs?$AAk?$AAb?$AAa?$AAr?$AAC?$AAr?$AAe?$AAa?$AAt?$AAe?$AAd?$AA?$AA@ 0040bafc     taskbar.obj
 0003:00000b1c       ??_C@_17FHAL@?$AAr?$AAu?$AAn?$AA?$AA@ 0040bb1c     taskbar.obj
 0003:00000b30       __iob                      0040bb30     LIBC:_file.obj
 0003:00000db0       __aexit_rtn                0040bdb0     LIBC:wwincrt0.obj
 0003:00000db4       ___app_type                0040bdb4     LIBC:wwincrt0.obj
 0003:00000db8       __amblksiz                 0040bdb8     LIBC:heapinit.obj
 0003:00000dc0       ___old_small_block_heap    0040bdc0     LIBC:sbheap.obj
 0003:00002de4       ___old_sbh_threshold       0040dde4     LIBC:sbheap.obj
 0003:00002de8       ___nullstring              0040dde8     LIBC:output.obj
 0003:00002dec       ___wnullstring             0040ddec     LIBC:output.obj
 0003:00002df0       ___badioinfo               0040ddf0     LIBC:ioinit.obj
 0003:00002e08       __XcptActTab               0040de08     LIBC:winxfltr.obj
 0003:00002e80       __First_FPE_Indx           0040de80     LIBC:winxfltr.obj
 0003:00002e84       __Num_FPE                  0040de84     LIBC:winxfltr.obj
 0003:00002e88       __XcptActTabCount          0040de88     LIBC:winxfltr.obj
 0003:00002e8c       __fpecode                  0040de8c     LIBC:winxfltr.obj
 0003:00002e90       __NLG_Destination          0040de90     LIBC:exsup.obj
 0003:00002f30       __cfltcvt_tab              0040df30     LIBC:cmiscdat.obj
 0003:00002f48       __pctype                   0040df48     LIBC:ctype.obj
 0003:00002f4c       __pwctype                  0040df4c     LIBC:ctype.obj
 0003:00002f50       __ctype                    0040df50     LIBC:ctype.obj
 0003:00003160       ___mb_cur_max              0040e160     LIBC:nlsdata1.obj
 0003:00003164       ___decimal_point           0040e164     LIBC:nlsdata1.obj
 0003:00003168       ___decimal_point_length    0040e168     LIBC:nlsdata1.obj
 0003:000032e4       ?hConsole@@3PAUHWND__@@A   0040e2e4     taskbar.obj
 0003:000032ec       ?dwChildrenPid@@3KC        0040e2ec     taskbar.obj
 0003:000032f4       ?hWnd@@3PAUHWND__@@A       0040e2f4     taskbar.obj
 0003:000032f8       ?hInst@@3PAUHINSTANCE__@@A 0040e2f8     taskbar.obj
 0003:00003300       ?szTitle@@3PAGA            0040e300     taskbar.obj
 0003:00003380       ?szTooltip@@3PAGA          0040e380     taskbar.obj
 0003:00003780       ?szBalloon@@3PAGA          0040e780     taskbar.obj
 0003:00003b80       ?szEnvironment@@3PAGA      0040eb80     taskbar.obj
 0003:00004380       ?szSubMenuString@@3PAGA    0040f380     taskbar.obj
 0003:00005380       ?lpSubMenuList@@3PAPAGA    00410380     taskbar.obj
 0003:000053a0       ??_C@_11A@?$AA?$AA@        004103a0     taskbar.obj
 0003:000053a8       __cflush                   004103a8     LIBC:_file.obj
 0003:000053ac       __aenvptr                  004103ac     LIBC:wwincrt0.obj
 0003:000053b0       __wenvptr                  004103b0     LIBC:wwincrt0.obj
 0003:000053b4       ___error_mode              004103b4     LIBC:wwincrt0.obj
 0003:000053bc       __stdbuf                   004103bc     LIBC:_sftbuf.obj
 0003:000053c4       _errno                     004103c4     LIBC:crt0dat.obj
 0003:000053c8       __doserrno                 004103c8     LIBC:crt0dat.obj
 0003:000053cc       __umaskval                 004103cc     LIBC:crt0dat.obj
 0003:000053d0       __osver                    004103d0     LIBC:crt0dat.obj
 0003:000053d4       __winver                   004103d4     LIBC:crt0dat.obj
 0003:000053d8       __winmajor                 004103d8     LIBC:crt0dat.obj
 0003:000053dc       __winminor                 004103dc     LIBC:crt0dat.obj
 0003:000053e0       ___argc                    004103e0     LIBC:crt0dat.obj
 0003:000053e4       ___argv                    004103e4     LIBC:crt0dat.obj
 0003:000053e8       ___wargv                   004103e8     LIBC:crt0dat.obj
 0003:000053ec       __environ                  004103ec     LIBC:crt0dat.obj
 0003:000053f0       ___initenv                 004103f0     LIBC:crt0dat.obj
 0003:000053f4       __wenviron                 004103f4     LIBC:crt0dat.obj
 0003:000053f8       ___winitenv                004103f8     LIBC:crt0dat.obj
 0003:000053fc       __pgmptr                   004103fc     LIBC:crt0dat.obj
 0003:00005400       __wpgmptr                  00410400     LIBC:crt0dat.obj
 0003:00005404       __exitflag                 00410404     LIBC:crt0dat.obj
 0003:00005408       __C_Termination_Done       00410408     LIBC:crt0dat.obj
 0003:0000540c       __C_Exit_Done              0041040c     LIBC:crt0dat.obj
 0003:00005410       __pxcptinfoptrs            00410410     LIBC:winxfltr.obj
 0003:00005624       __adbgmsg                  00410624     LIBC:crt0msg.obj
 0003:00005628       __newmode                  00410628     LIBC:_newmode.obj
 0003:0000562c       ?_pnhHeap@@3P6AHI@ZA       0041062c     LIBC:handler.obj
 0003:00005630       __commode                  00410630     LIBC:ncommode.obj
 0003:00005634       ___lc_handle               00410634     LIBC:nlsdata2.obj
 0003:0000564c       ___lc_codepage             0041064c     LIBC:nlsdata2.obj
 0003:00005650       ___lc_collate_cp           00410650     LIBC:nlsdata2.obj
 0003:00005660       __fmode                    00410660     LIBC:txtmode.obj
 0003:00005678       ___env_initialized         00410678     <common>
 0003:0000567c       ___onexitend               0041067c     <common>
 0003:00005680       ___onexitbegin             00410680     <common>
 0003:00005684       __FPinit                   00410684     <common>
 0003:000056a0       ___pioinfo                 004106a0     <common>
 0003:000057a0       __nhandle                  004107a0     <common>
 0003:000057a4       ___sbh_sizeHeaderList      004107a4     <common>
 0003:000057a8       ___sbh_indGroupDefer       004107a8     <common>
 0003:000057ac       ___sbh_pHeaderScan         004107ac     <common>
 0003:000057b0       ___sbh_pHeaderDefer        004107b0     <common>
 0003:000057b4       ___sbh_cntHeaderList       004107b4     <common>
 0003:000057b8       ___sbh_pHeaderList         004107b8     <common>
 0003:000057bc       ___sbh_threshold           004107bc     <common>
 0003:000057c0       __crtheap                  004107c0     <common>
 0003:000057c4       ___active_heap             004107c4     <common>
 0003:000057c8       __wcmdln                   004107c8     <common>
 0003:000057cc       ___piob                    004107cc     <common>
 0003:000057e0       __bufin                    004107e0     <common>
 0003:000067e0       __nstream                  004117e0     <common>

 entry point at        0001:00000efd

 Static symbols

 0001:0000068d       ?MyGetProcessId@@YAKPAX@Z  0040168d f   taskbar.obj
 0001:000007ce       ?MyEndTask@@YAHK@Z         004017ce f   taskbar.obj
 0001:00007e3c       _wcsncnt                   00408e3c f   LIBC:w_map.obj
 0001:00007734       _strncnt                   00408734 f   LIBC:a_map.obj
 0001:0000744d       _wfindenv                  0040844d f   LIBC:wsetenv.obj
 0001:000074a9       _copy_environ              004084a9 f   LIBC:wsetenv.obj
 0001:00007e3c       _wcsncnt                   00408e3c f   LIBC:w_map.obj
 0001:00006280       LeadUp1                    00407280 f   LIBC:memcpy.obj
 0001:000062ac       LeadUp2                    004072ac f   LIBC:memcpy.obj
 0001:000062d0       LeadUp3                    004072d0 f   LIBC:memcpy.obj
 0001:0000634f       UnwindUp0                  0040734f f   LIBC:memcpy.obj
 0001:0000633c       UnwindUp1                  0040733c f   LIBC:memcpy.obj
 0001:00006334       UnwindUp2                  00407334 f   LIBC:memcpy.obj
 0001:0000632c       UnwindUp3                  0040732c f   LIBC:memcpy.obj
 0001:00006324       UnwindUp4                  00407324 f   LIBC:memcpy.obj
 0001:0000631c       UnwindUp5                  0040731c f   LIBC:memcpy.obj
 0001:00006314       UnwindUp6                  00407314 f   LIBC:memcpy.obj
 0001:0000630c       UnwindUp7                  0040730c f   LIBC:memcpy.obj
 0001:00006368       TrailUp0                   00407368 f   LIBC:memcpy.obj
 0001:00006370       TrailUp1                   00407370 f   LIBC:memcpy.obj
 0001:0000637c       TrailUp2                   0040737c f   LIBC:memcpy.obj
 0001:00006390       TrailUp3                   00407390 f   LIBC:memcpy.obj
 0001:00006408       LeadDown1                  00407408 f   LIBC:memcpy.obj
 0001:00006428       LeadDown2                  00407428 f   LIBC:memcpy.obj
 0001:00006450       LeadDown3                  00407450 f   LIBC:memcpy.obj
 0001:000064a4       UnwindDown7                004074a4 f   LIBC:memcpy.obj
 0001:000064ac       UnwindDown6                004074ac f   LIBC:memcpy.obj
 0001:000064b4       UnwindDown5                004074b4 f   LIBC:memcpy.obj
 0001:000064bc       UnwindDown4                004074bc f   LIBC:memcpy.obj
 0001:000064c4       UnwindDown3                004074c4 f   LIBC:memcpy.obj
 0001:000064cc       UnwindDown2                004074cc f   LIBC:memcpy.obj
 0001:000064d4       UnwindDown1                004074d4 f   LIBC:memcpy.obj
 0001:000064e7       UnwindDown0                004074e7 f   LIBC:memcpy.obj
 0001:00006500       TrailDown0                 00407500 f   LIBC:memcpy.obj
 0001:00006508       TrailDown1                 00407508 f   LIBC:memcpy.obj
 0001:00006518       TrailDown2                 00407518 f   LIBC:memcpy.obj
 0001:0000652c       TrailDown3                 0040752c f   LIBC:memcpy.obj
 0001:00004ed0       LeadUp1                    00405ed0 f   LIBC:memmove.obj
 0001:00004efc       LeadUp2                    00405efc f   LIBC:memmove.obj
 0001:00004f20       LeadUp3                    00405f20 f   LIBC:memmove.obj
 0001:00004f9f       UnwindUp0                  00405f9f f   LIBC:memmove.obj
 0001:00004f8c       UnwindUp1                  00405f8c f   LIBC:memmove.obj
 0001:00004f84       UnwindUp2                  00405f84 f   LIBC:memmove.obj
 0001:00004f7c       UnwindUp3                  00405f7c f   LIBC:memmove.obj
 0001:00004f74       UnwindUp4                  00405f74 f   LIBC:memmove.obj
 0001:00004f6c       UnwindUp5                  00405f6c f   LIBC:memmove.obj
 0001:00004f64       UnwindUp6                  00405f64 f   LIBC:memmove.obj
 0001:00004f5c       UnwindUp7                  00405f5c f   LIBC:memmove.obj
 0001:00004fb8       TrailUp0                   00405fb8 f   LIBC:memmove.obj
 0001:00004fc0       TrailUp1                   00405fc0 f   LIBC:memmove.obj
 0001:00004fcc       TrailUp2                   00405fcc f   LIBC:memmove.obj
 0001:00004fe0       TrailUp3                   00405fe0 f   LIBC:memmove.obj
 0001:00005058       LeadDown1                  00406058 f   LIBC:memmove.obj
 0001:00005078       LeadDown2                  00406078 f   LIBC:memmove.obj
 0001:000050a0       LeadDown3                  004060a0 f   LIBC:memmove.obj
 0001:000050f4       UnwindDown7                004060f4 f   LIBC:memmove.obj
 0001:000050fc       UnwindDown6                004060fc f   LIBC:memmove.obj
 0001:00005104       UnwindDown5                00406104 f   LIBC:memmove.obj
 0001:0000510c       UnwindDown4                0040610c f   LIBC:memmove.obj
 0001:00005114       UnwindDown3                00406114 f   LIBC:memmove.obj
 0001:0000511c       UnwindDown2                0040611c f   LIBC:memmove.obj
 0001:00005124       UnwindDown1                00406124 f   LIBC:memmove.obj
 0001:00005137       UnwindDown0                00406137 f   LIBC:memmove.obj
 0001:00005150       TrailDown0                 00406150 f   LIBC:memmove.obj
 0001:00005158       TrailDown1                 00406158 f   LIBC:memmove.obj
 0001:00005168       TrailDown2                 00406168 f   LIBC:memmove.obj
 0001:0000517c       TrailDown3                 0040617c f   LIBC:memmove.obj
 0001:00004ac3       _strtoxl                   00405ac3 f   LIBC:strtol.obj
 0001:00004768       _gu_return                 00405768 f   LIBC:exsup.obj
 0001:00004770       __unwind_handler           00405770 f   LIBC:exsup.obj
 0001:000043a6       _wparse_cmdline            004053a6 f   LIBC:wstdargv.obj
 0001:000041d7       _xcptlookup                004051d7 f   LIBC:winxfltr.obj
 0001:00003f83       _wcomexecmd                00404f83 f   LIBC:wspawnve.obj
 0001:00003c6a       _write_char                00404c6a f   LIBC:woutput.obj
 0001:00003c8a       _write_multi_char          00404c8a f   LIBC:woutput.obj
 0001:00003cbb       _write_string              00404cbb f   LIBC:woutput.obj
 0001:00003cf4       _get_int_arg               00404cf4 f   LIBC:woutput.obj
 0001:00002e28       _get_int64_arg             00403e28 f   LIBC:output.obj
 0001:00003468       _flsall                    00404468 f   LIBC:fflush.obj
 0001:00003315       _doexit                    00404315 f   LIBC:crt0dat.obj
 0001:000033ae       __initterm                 004043ae f   LIBC:crt0dat.obj
 0001:00002d8a       _write_char                00403d8a f   LIBC:output.obj
 0001:00002dbf       _write_multi_char          00403dbf f   LIBC:output.obj
 0001:00002df0       _write_string              00403df0 f   LIBC:output.obj
 0001:00003cf4       _get_int_arg               00404cf4 f   LIBC:woutput.obj
 0001:00002e28       _get_int64_arg             00403e28 f   LIBC:output.obj
 0001:00002e38       _get_short_arg             00403e38 f   LIBC:output.obj
 0001:00001017       _fast_error_exit           00402017 f   LIBC:wwincrt0.obj
