 goproxy-gui

 Timestamp is 58825694 (Sat Jan 21 02:27:32 2017)

 Preferred load address is 00400000

 Start         Length     Name                   Class
 0001:00000000 00008a1cH .text                   CODE
 0002:00000000 000001b0H .idata$5                DATA
 0002:000001b0 000004e0H .rdata                  DATA
 0002:00000690 00000064H .idata$2                DATA
 0002:000006f4 00000014H .idata$3                DATA
 0002:00000708 000001b0H .idata$4                DATA
 0002:000008b8 00000788H .idata$6                DATA
 0002:00001040 00000000H .edata                  DATA
 0003:00000000 00000004H .CRT$XCA                DATA
 0003:00000004 00000004H .CRT$XCZ                DATA
 0003:00000008 00000004H .CRT$XIA                DATA
 0003:0000000c 00000004H .CRT$XIC                DATA
 0003:00000010 00000004H .CRT$XIZ                DATA
 0003:00000014 00000004H .CRT$XPA                DATA
 0003:00000018 00000004H .CRT$XPX                DATA
 0003:0000001c 00000004H .CRT$XPZ                DATA
 0003:00000020 00000004H .CRT$XTA                DATA
 0003:00000024 00000004H .CRT$XTZ                DATA
 0003:00000030 00003370H .data                   DATA
 0003:000033a0 00004d04H .bss                    DATA
 0004:00000000 00000340H .rsrc$01                DATA
 0004:00000340 00074450H .rsrc$02                DATA

  Address         Publics by Value              Rva+Base     Lib:Object

 0001:00000000       ?ShowTrayIcon@@YAHPBGK@Z   00401000 f   taskbar.obj
 0001:000000e9       ?DeleteTrayIcon@@YAHXZ     004010e9 f   taskbar.obj
 0001:00000125       ?GetWindowsProxy@@YAPBGXZ  00401125 f   taskbar.obj
 0001:000001ee       ?SetWindowsProxy@@YAHPAGPBG@Z 004011ee f   taskbar.obj
 0001:000002dd       ?SetWindowsProxyForAllRasConnections@@YAHPAG@Z 004012dd f   taskbar.obj
 0001:0000042b       ?ShowPopupMenu@@YAHXZ      0040142b f   taskbar.obj
 0001:000005c4       ?ParseProxyList@@YAHXZ     004015c4 f   taskbar.obj
 0001:00000656       ?InitInstance@@YAHPAUHINSTANCE__@@H@Z 00401656 f   taskbar.obj
 0001:000006a7       ?CDCurrentDirectory@@YAHXZ 004016a7 f   taskbar.obj
 0001:00000720       ?SetEenvironment@@YAHXZ    00401720 f   taskbar.obj
 0001:000007eb       ?ConsoleHandler@@YGHK@Z    004017eb f   taskbar.obj
 0001:00000816       ?CreateConsole@@YAHXZ      00401816 f   taskbar.obj
 0001:0000092d       ?ExecCmdline@@YAHXZ        0040192d f   taskbar.obj
 0001:00000a51       ?TryDeleteUpdateFiles@@YAHXZ 00401a51 f   taskbar.obj
 0001:00000ac0       ?ReloadCmdline@@YAHXZ      00401ac0 f   taskbar.obj
 0001:00000b5e       ?WndProc@@YGJPAUHWND__@@IIJ@Z 00401b5e f   taskbar.obj
 0001:00000ce5       ?MyRegisterClass@@YAGPAUHINSTANCE__@@@Z 00401ce5 f   taskbar.obj
 0001:00000d56       _wWinMain@16               00401d56 f   taskbar.obj
 0001:00000df0       _memset                    00401df0 f   LIBC:memset.obj
 0001:00000e48       _wcslen                    00401e48 f   LIBC:wcslen.obj
 0001:00000e65       _free                      00401e65 f   LIBC:free.obj
 0001:00000ece       _wcsstr                    00401ece f   LIBC:wcsstr.obj
 0001:00000f0f       _malloc                    00401f0f f   LIBC:malloc.obj
 0001:00000f21       __nh_malloc                00401f21 f   LIBC:malloc.obj
 0001:00000f4d       __heap_alloc               00401f4d f   LIBC:malloc.obj
 0001:00000fc1       _fclose                    00401fc1 f   LIBC:fclose.obj
 0001:00001020       _strlen                    00402020 f   LIBC:strlen.obj
 0001:0000109b       _fgets                     0040209b f   LIBC:fgets.obj
 0001:000010f2       __fsopen                   004020f2 f   LIBC:fopen.obj
 0001:00001112       _fopen                     00402112 f   LIBC:fopen.obj
 0001:00001130       __alloca_probe             00402130 f   LIBC:chkstk.obj
 0001:00001130       __chkstk                   00402130 f   LIBC:chkstk.obj
 0001:0000115f       _wcscmp                    0040215f f   LIBC:wcscmp.obj
 0001:00001194       _wcstok                    00402194 f   LIBC:wcstok.obj
 0001:00001235       __wcsdup                   00402235 f   LIBC:wcsdup.obj
 0001:00001263       _wcsrchr                   00402263 f   LIBC:wcsrchr.obj
 0001:000012a3       _wcschr                    004022a3 f   LIBC:wcschr.obj
 0001:000012cc       _printf                    004022cc f   LIBC:printf.obj
 0001:000012fd       __wfreopen                 004022fd f   LIBC:wfreopen.obj
 0001:00001331       ___initstdio               00402331 f   LIBC:_file.obj
 0001:000013d6       ___endstdio                004023d6 f   LIBC:_file.obj
 0001:000013ea       _wprintf                   004023ea f   LIBC:wprintf.obj
 0001:0000141b       __wsystem                  0040241b f   LIBC:wsystem.obj
 0001:000014b1       _wWinMainCRTStartup        004024b1 f   LIBC:wwincrt0.obj
 0001:000015a6       __amsg_exit                004025a6 f   LIBC:wwincrt0.obj
 0001:000015ef       __GetLinkerVersion         004025ef f   LIBC:heapinit.obj
 0001:0000161c       ___heap_select             0040261c f   LIBC:heapinit.obj
 0001:00001764       __heap_init                00402764 f   LIBC:heapinit.obj
 0001:000017c1       ___sbh_heap_init           004027c1 f   LIBC:sbheap.obj
 0001:00001809       ___sbh_find_block          00402809 f   LIBC:sbheap.obj
 0001:00001834       ___sbh_free_block          00402834 f   LIBC:sbheap.obj
 0001:00001b5d       ___sbh_alloc_block         00402b5d f   LIBC:sbheap.obj
 0001:00001e66       ___sbh_alloc_new_region    00402e66 f   LIBC:sbheap.obj
 0001:00001f17       ___sbh_alloc_new_group     00402f17 f   LIBC:sbheap.obj
 0001:00002012       ___sbh_resize_block        00403012 f   LIBC:sbheap.obj
 0001:00002308       ___old_sbh_new_region      00403308 f   LIBC:sbheap.obj
 0001:0000244c       ___old_sbh_release_region  0040344c f   LIBC:sbheap.obj
 0001:000024a2       ___old_sbh_decommit_pages  004034a2 f   LIBC:sbheap.obj
 0001:00002564       ___old_sbh_find_block      00403564 f   LIBC:sbheap.obj
 0001:000025bb       ___old_sbh_free_block      004035bb f   LIBC:sbheap.obj
 0001:00002600       ___old_sbh_alloc_block     00403600 f   LIBC:sbheap.obj
 0001:00002808       ___old_sbh_alloc_block_from_page 00403808 f   LIBC:sbheap.obj
 0001:0000292c       ___old_sbh_resize_block    0040392c f   LIBC:sbheap.obj
 0001:000029d5       __callnewh                 004039d5 f   LIBC:handler.obj
 0001:000029f0       __close                    004039f0 f   LIBC:close.obj
 0001:00002aa3       __freebuf                  00403aa3 f   LIBC:_freebuf.obj
 0001:00002ace       _fflush                    00403ace f   LIBC:fflush.obj
 0001:00002b09       __flush                    00403b09 f   LIBC:fflush.obj
 0001:00002b65       __flushall                 00403b65 f   LIBC:fflush.obj
 0001:00002bdb       __filbuf                   00403bdb f   LIBC:_filbuf.obj
 0001:00002cb4       __openfile                 00403cb4 f   LIBC:_open.obj
 0001:00002e24       __getstream                00403e24 f   LIBC:stream.obj
 0001:00002e9c       _wcscat                    00403e9c f   LIBC:wcscat.obj
 0001:00002ec6       _wcscpy                    00403ec6 f   LIBC:wcscat.obj
 0001:00002eeb       __stbuf                    00403eeb f   LIBC:_sftbuf.obj
 0001:00002f78       __ftbuf                    00403f78 f   LIBC:_sftbuf.obj
 0001:00002fb5       __output                   00403fb5 f   LIBC:output.obj
 0001:0000381c       __wopenfile                0040481c f   LIBC:_wopen.obj
 0001:00003992       __ioinit                   00404992 f   LIBC:ioinit.obj
 0001:00003b3d       _calloc                    00404b3d f   LIBC:calloc.obj
 0001:00003bee       __fcloseall                00404bee f   LIBC:closeall.obj
 0001:00003c46       __cinit                    00404c46 f   LIBC:crt0dat.obj
 0001:00003c73       _exit                      00404c73 f   LIBC:crt0dat.obj
 0001:00003c84       __exit                     00404c84 f   LIBC:crt0dat.obj
 0001:00003d48       __woutput                  00404d48 f   LIBC:woutput.obj
 0001:00004567       __wspawnvpe                00405567 f   LIBC:wspwnvpe.obj
 0001:000046a6       __wspawnve                 004056a6 f   LIBC:wspawnve.obj
 0001:0000483a       __waccess                  0040583a f   LIBC:waccess.obj
 0001:0000487e       __wgetenv                  0040587e f   LIBC:wgetenv.obj
 0001:000048fc       __XcptFilter               004058fc f   LIBC:winxfltr.obj
 0001:00004a80       __wwincmdln                00405a80 f   LIBC:wwncmdln.obj
 0001:00004ac5       __wsetenvp                 00405ac5 f   LIBC:wstdenvp.obj
 0001:00004b7d       __wsetargv                 00405b7d f   LIBC:wstdargv.obj
 0001:00004da6       ___crtGetEnvironmentStringsW 00405da6 f   LIBC:w_env.obj
 0001:00004f13       ___crtGetCommandLineW      00405f13 f   LIBC:aw_com.obj
 0001:00004fb4       __global_unwind2           00405fb4 f   LIBC:exsup.obj
 0001:00004ff6       __local_unwind2            00405ff6 f   LIBC:exsup.obj
 0001:0000504e       __NLG_Return2              0040604e f   LIBC:exsup.obj
 0001:0000505e       __abnormal_termination     0040605e f   LIBC:exsup.obj
 0001:00005081       __NLG_Notify1              00406081 f   LIBC:exsup.obj
 0001:0000508a       __NLG_Notify               0040608a f   LIBC:exsup.obj
 0001:0000509d       __NLG_Dispatch             0040609d f   LIBC:exsup.obj
 0001:000050ac       __except_handler3          004060ac f   LIBC:exsup3.obj
 0001:00005169       __seh_longjmp_unwind@4     00406169 f   LIBC:exsup3.obj
 0001:00005184       __FF_MSGBANNER             00406184 f   LIBC:crt0msg.obj
 0001:000051bd       __NMSG_WRITE               004061bd f   LIBC:crt0msg.obj
 0001:00005310       _strtol                    00406310 f   LIBC:strtol.obj
 0001:00005540       _strchr                    00406540 f   LIBC:strchr.obj
 0001:00005546       ___from_strstr_to_strchr   00406546 f   LIBC:strchr.obj
 0001:00005600       _strstr                    00406600 f   LIBC:strstr.obj
 0001:00005680       _strncmp                   00406680 f   LIBC:strncmp.obj
 0001:000056c0       _memmove                   004066c0 f   LIBC:memmove.obj
 0001:000059f5       __dosmaperr                004069f5 f   LIBC:dosmap.obj
 0001:00005a5c       __alloc_osfhnd             00406a5c f   LIBC:osfinfo.obj
 0001:00005af1       __set_osfhnd               00406af1 f   LIBC:osfinfo.obj
 0001:00005b68       __free_osfhnd              00406b68 f   LIBC:osfinfo.obj
 0001:00005be2       __get_osfhandle            00406be2 f   LIBC:osfinfo.obj
 0001:00005c1f       __commit                   00406c1f f   LIBC:commit.obj
 0001:00005c76       __write                    00406c76 f   LIBC:write.obj
 0001:00005e23       __read                     00406e23 f   LIBC:read.obj
 0001:00006019       __getbuf                   00407019 f   LIBC:_getbuf.obj
 0001:0000605d       __sopen                    0040705d f   LIBC:open.obj
 0001:00006316       __isatty                   00407316 f   LIBC:isatty.obj
 0001:0000633c       _wctomb                    0040733c f   LIBC:wctomb.obj
 0001:000063b0       __aulldiv                  004073b0 f   LIBC:ulldiv.obj
 0001:00006420       __aullrem                  00407420 f   LIBC:ullrem.obj
 0001:00006495       __flsbuf                   00407495 f   LIBC:_flsbuf.obj
 0001:000065aa       __wsopen                   004075aa f   LIBC:wopen.obj
 0001:00006864       _mbtowc                    00407864 f   LIBC:mbtowc.obj
 0001:0000692c       _fputwc                    0040792c f   LIBC:fputwc.obj
 0001:00006a21       __wgetpath                 00407a21 f   LIBC:wgetpath.obj
 0001:00006ab1       __wdospawn                 00407ab1 f   LIBC:wdospawn.obj
 0001:00006c99       __wcenvarg                 00407c99 f   LIBC:wcenvarg.obj
 0001:00006ed3       __wcsnicoll                00407ed3 f   LIBC:wcsnicol.obj
 0001:00006f31       ___mbtow_environ           00407f31 f   LIBC:mbtowenv.obj
 0001:00006fa0       _memcpy                    00407fa0 f   LIBC:memcpy.obj
 0001:000072d5       ___crtMessageBoxA          004082d5 f   LIBC:crtmbox.obj
 0001:00007360       _strcpy                    00408360 f   LIBC:strcat.obj
 0001:00007370       _strcat                    00408370 f   LIBC:strcat.obj
 0001:00007450       _strncpy                   00408450 f   LIBC:strncpy.obj
 0001:0000754e       _toupper                   0040854e f   LIBC:toupper.obj
 0001:0000761a       __isctype                  0040861a f   LIBC:isctype.obj
 0001:0000768f       __lseek                    0040868f f   LIBC:lseek.obj
 0001:00007729       __chsize                   00408729 f   LIBC:chsize.obj
 0001:0000786f       __fptrap                   0040886f f   LIBC:crt0fp.obj
 0001:00007878       __flswbuf                  00408878 f   LIBC:_flswbuf.obj
 0001:0000799c       ___crtCompareStringW       0040899c f   LIBC:w_cmp.obj
 0001:00007be7       __wcsnicmp                 00408be7 f   LIBC:wcsnicmp.obj
 0001:00007c7d       ___crtwsetenv              00408c7d f   LIBC:wsetenv.obj
 0001:00007ed3       ___crtLCMapStringA         00408ed3 f   LIBC:a_map.obj
 0001:00008122       ___crtGetStringTypeA       00409122 f   LIBC:a_str.obj
 0001:0000826b       __setmode                  0040926b f   LIBC:setmode.obj
 0001:000082e1       _towlower                  004092e1 f   LIBC:towlower.obj
 0001:00008356       _realloc                   00409356 f   LIBC:realloc.obj
 0001:000085f6       ___crtLCMapStringW         004095f6 f   LIBC:w_map.obj
 0001:000087ff       _iswctype                  004097ff f   LIBC:iswctype.obj
 0001:00008851       ___crtGetStringTypeW       00409851 f   LIBC:w_str.obj
 0001:00008a16       _RtlUnwind@16              00409a16 f   kernel32:KERNEL32.dll
 0002:00000000       __imp__RegCloseKey@4       0040a000     advapi32:ADVAPI32.dll
 0002:00000004       __imp__RegOpenKeyExW@20    0040a004     advapi32:ADVAPI32.dll
 0002:00000008       __imp__RegQueryValueExW@24 0040a008     advapi32:ADVAPI32.dll
 0002:0000000c       \177ADVAPI32_NULL_THUNK_DATA 0040a00c     advapi32:ADVAPI32.dll
 0002:00000010       __imp__GetSystemDefaultLCID@0 0040a010     kernel32:KERNEL32.dll
 0002:00000014       __imp__ExpandEnvironmentStringsW@12 0040a014     kernel32:KERNEL32.dll
 0002:00000018       __imp__SetEnvironmentVariableW@8 0040a018     kernel32:KERNEL32.dll
 0002:0000001c       __imp__SetCurrentDirectoryW@4 0040a01c     kernel32:KERNEL32.dll
 0002:00000020       __imp__GetModuleFileNameW@12 0040a020     kernel32:KERNEL32.dll
 0002:00000024       __imp__GetEnvironmentVariableW@12 0040a024     kernel32:KERNEL32.dll
 0002:00000028       __imp__SetConsoleScreenBufferSize@8 0040a028     kernel32:KERNEL32.dll
 0002:0000002c       __imp__GetConsoleScreenBufferInfo@8 0040a02c     kernel32:KERNEL32.dll
 0002:00000030       __imp__GetStdHandle@4      0040a030     kernel32:KERNEL32.dll
 0002:00000034       __imp__SetConsoleCtrlHandler@8 0040a034     kernel32:KERNEL32.dll
 0002:00000038       __imp__GetConsoleWindow@0  0040a038     kernel32:KERNEL32.dll
 0002:0000003c       __imp__AllocConsole@0      0040a03c     kernel32:KERNEL32.dll
 0002:00000040       __imp__CloseHandle@4       0040a040     kernel32:KERNEL32.dll
 0002:00000044       __imp__ExitProcess@4       0040a044     kernel32:KERNEL32.dll
 0002:00000048       __imp__CreateProcessW@40   0040a048     kernel32:KERNEL32.dll
 0002:0000004c       __imp__GetProcAddress@8    0040a04c     kernel32:KERNEL32.dll
 0002:00000050       __imp__GetModuleHandleW@4  0040a050     kernel32:KERNEL32.dll
 0002:00000054       __imp__FindClose@4         0040a054     kernel32:KERNEL32.dll
 0002:00000058       __imp__FindNextFileW@8     0040a058     kernel32:KERNEL32.dll
 0002:0000005c       __imp__DeleteFileW@4       0040a05c     kernel32:KERNEL32.dll
 0002:00000060       __imp__FindFirstFileW@8    0040a060     kernel32:KERNEL32.dll
 0002:00000064       __imp__Sleep@4             0040a064     kernel32:KERNEL32.dll
 0002:00000068       __imp__GetStringTypeA@20   0040a068     kernel32:KERNEL32.dll
 0002:0000006c       __imp__LCMapStringW@24     0040a06c     kernel32:KERNEL32.dll
 0002:00000070       __imp__ExpandEnvironmentStringsA@12 0040a070     kernel32:KERNEL32.dll
 0002:00000074       __imp__CompareStringW@24   0040a074     kernel32:KERNEL32.dll
 0002:00000078       __imp__CompareStringA@24   0040a078     kernel32:KERNEL32.dll
 0002:0000007c       __imp__SetEndOfFile@4      0040a07c     kernel32:KERNEL32.dll
 0002:00000080       __imp__SetFilePointer@16   0040a080     kernel32:KERNEL32.dll
 0002:00000084       __imp__LoadLibraryA@4      0040a084     kernel32:KERNEL32.dll
 0002:00000088       __imp__WaitForSingleObject@8 0040a088     kernel32:KERNEL32.dll
 0002:0000008c       __imp__GetExitCodeProcess@8 0040a08c     kernel32:KERNEL32.dll
 0002:00000090       __imp__CreateFileW@28      0040a090     kernel32:KERNEL32.dll
 0002:00000094       __imp__WideCharToMultiByte@32 0040a094     kernel32:KERNEL32.dll
 0002:00000098       __imp__CreateFileA@28      0040a098     kernel32:KERNEL32.dll
 0002:0000009c       __imp__ReadFile@20         0040a09c     kernel32:KERNEL32.dll
 0002:000000a0       __imp__FlushFileBuffers@4  0040a0a0     kernel32:KERNEL32.dll
 0002:000000a4       __imp__SetStdHandle@8      0040a0a4     kernel32:KERNEL32.dll
 0002:000000a8       __imp__WriteFile@20        0040a0a8     kernel32:KERNEL32.dll
 0002:000000ac       __imp__RtlUnwind@16        0040a0ac     kernel32:KERNEL32.dll
 0002:000000b0       __imp__GetCommandLineA@0   0040a0b0     kernel32:KERNEL32.dll
 0002:000000b4       __imp__GetCommandLineW@0   0040a0b4     kernel32:KERNEL32.dll
 0002:000000b8       __imp__GetEnvironmentStrings@0 0040a0b8     kernel32:KERNEL32.dll
 0002:000000bc       __imp__GetEnvironmentStringsW@0 0040a0bc     kernel32:KERNEL32.dll
 0002:000000c0       __imp__FreeEnvironmentStringsW@4 0040a0c0     kernel32:KERNEL32.dll
 0002:000000c4       __imp__FreeEnvironmentStringsA@4 0040a0c4     kernel32:KERNEL32.dll
 0002:000000c8       __imp__UnhandledExceptionFilter@4 0040a0c8     kernel32:KERNEL32.dll
 0002:000000cc       __imp__GetFileAttributesW@4 0040a0cc     kernel32:KERNEL32.dll
 0002:000000d0       __imp__GetCurrentProcess@0 0040a0d0     kernel32:KERNEL32.dll
 0002:000000d4       __imp__lstrlenW@4          0040a0d4     kernel32:KERNEL32.dll
 0002:000000d8       __imp__MultiByteToWideChar@24 0040a0d8     kernel32:KERNEL32.dll
 0002:000000dc       __imp__lstrcpyW@8          0040a0dc     kernel32:KERNEL32.dll
 0002:000000e0       __imp__LCMapStringA@24     0040a0e0     kernel32:KERNEL32.dll
 0002:000000e4       __imp__TerminateProcess@8  0040a0e4     kernel32:KERNEL32.dll
 0002:000000e8       __imp__GetStartupInfoA@4   0040a0e8     kernel32:KERNEL32.dll
 0002:000000ec       __imp__GetFileType@4       0040a0ec     kernel32:KERNEL32.dll
 0002:000000f0       __imp__SetHandleCount@4    0040a0f0     kernel32:KERNEL32.dll
 0002:000000f4       __imp__HeapFree@12         0040a0f4     kernel32:KERNEL32.dll
 0002:000000f8       __imp__HeapAlloc@12        0040a0f8     kernel32:KERNEL32.dll
 0002:000000fc       __imp__GetModuleHandleA@4  0040a0fc     kernel32:KERNEL32.dll
 0002:00000100       __imp__GetStartupInfoW@4   0040a100     kernel32:KERNEL32.dll
 0002:00000104       __imp__GetVersion@0        0040a104     kernel32:KERNEL32.dll
 0002:00000108       __imp__GetModuleFileNameA@12 0040a108     kernel32:KERNEL32.dll
 0002:0000010c       __imp__GetEnvironmentVariableA@12 0040a10c     kernel32:KERNEL32.dll
 0002:00000110       __imp__GetVersionExA@4     0040a110     kernel32:KERNEL32.dll
 0002:00000114       __imp__HeapDestroy@4       0040a114     kernel32:KERNEL32.dll
 0002:00000118       __imp__HeapCreate@12       0040a118     kernel32:KERNEL32.dll
 0002:0000011c       __imp__VirtualFree@12      0040a11c     kernel32:KERNEL32.dll
 0002:00000120       __imp__VirtualAlloc@16     0040a120     kernel32:KERNEL32.dll
 0002:00000124       __imp__HeapReAlloc@16      0040a124     kernel32:KERNEL32.dll
 0002:00000128       __imp__GetLastError@0      0040a128     kernel32:KERNEL32.dll
 0002:0000012c       __imp__GetStringTypeW@16   0040a12c     kernel32:KERNEL32.dll
 0002:00000130       \177KERNEL32_NULL_THUNK_DATA 0040a130     kernel32:KERNEL32.dll
 0002:00000134       __imp__Shell_NotifyIconW@8 0040a134     shell32:SHELL32.dll
 0002:00000138       \177SHELL32_NULL_THUNK_DATA 0040a138     shell32:SHELL32.dll
 0002:0000013c       __imp__LoadIconW@8         0040a13c     user32:USER32.dll
 0002:00000140       __imp__GetMessageW@16      0040a140     user32:USER32.dll
 0002:00000144       __imp__TranslateMessage@4  0040a144     user32:USER32.dll
 0002:00000148       __imp__DispatchMessageW@4  0040a148     user32:USER32.dll
 0002:0000014c       __imp__LoadCursorW@8       0040a14c     user32:USER32.dll
 0002:00000150       __imp__RegisterClassExW@4  0040a150     user32:USER32.dll
 0002:00000154       __imp__RegisterWindowMessageW@4 0040a154     user32:USER32.dll
 0002:00000158       __imp__DefWindowProcW@16   0040a158     user32:USER32.dll
 0002:0000015c       __imp__IsWindowVisible@4   0040a15c     user32:USER32.dll
 0002:00000160       __imp__PostQuitMessage@4   0040a160     user32:USER32.dll
 0002:00000164       __imp__wsprintfW           0040a164     user32:USER32.dll
 0002:00000168       __imp__SetWindowTextW@8    0040a168     user32:USER32.dll
 0002:0000016c       __imp__MessageBoxW@16      0040a16c     user32:USER32.dll
 0002:00000170       __imp__SetForegroundWindow@4 0040a170     user32:USER32.dll
 0002:00000174       __imp__SendMessageW@16     0040a174     user32:USER32.dll
 0002:00000178       __imp__LoadStringW@16      0040a178     user32:USER32.dll
 0002:0000017c       __imp__LoadStringA@16      0040a17c     user32:USER32.dll
 0002:00000180       __imp__CreateWindowExW@48  0040a180     user32:USER32.dll
 0002:00000184       __imp__ShowWindow@8        0040a184     user32:USER32.dll
 0002:00000188       __imp__UpdateWindow@4      0040a188     user32:USER32.dll
 0002:0000018c       __imp__AppendMenuW@16      0040a18c     user32:USER32.dll
 0002:00000190       __imp__CreatePopupMenu@0   0040a190     user32:USER32.dll
 0002:00000194       __imp__GetCursorPos@4      0040a194     user32:USER32.dll
 0002:00000198       __imp__TrackPopupMenu@28   0040a198     user32:USER32.dll
 0002:0000019c       __imp__PostMessageW@16     0040a19c     user32:USER32.dll
 0002:000001a0       __imp__DestroyMenu@4       0040a1a0     user32:USER32.dll
 0002:000001a4       \177USER32_NULL_THUNK_DATA 0040a1a4     user32:USER32.dll
 0002:000001a8       __imp__InternetSetOptionW@16 0040a1a8     wininet:WININET.dll
 0002:000001ac       \177WININET_NULL_THUNK_DATA 0040a1ac     wininet:WININET.dll
 0002:000001b0       ??_C@_1BA@OMOC@?$AAc?$AAm?$AAd?$AA?4?$AAe?$AAx?$AAe?$AA?$AA@ 0040a1b0     LIBC:wsystem.obj
 0002:000001c0       ??_C@_1BI@PFHA@?$AAc?$AAo?$AAm?$AAm?$AAa?$AAn?$AAd?$AA?4?$AAc?$AAo?$AAm?$AA?$AA@ 0040a1c0     LIBC:wsystem.obj
 0002:000001d8       ??_C@_15FEDO@?$AA?1?$AAc?$AA?$AA@ 0040a1d8     LIBC:wsystem.obj
 0002:000001e0       ??_C@_1BA@NIMI@?$AAC?$AAO?$AAM?$AAS?$AAP?$AAE?$AAC?$AA?$AA@ 0040a1e0     LIBC:wsystem.obj
 0002:000001fc       ??_C@_0BH@PHHF@__GLOBAL_HEAP_SELECTED?$AA@ 0040a1fc     LIBC:heapinit.obj
 0002:00000214       ??_C@_0BF@BBGL@__MSVCRT_HEAP_SELECT?$AA@ 0040a214     LIBC:heapinit.obj
 0002:0000022c       ___lookuptable             0040a22c     LIBC:output.obj
 0002:00000288       ??_C@_1O@POHA@?$AA?$CI?$AAn?$AAu?$AAl?$AAl?$AA?$CJ?$AA?$AA@ 0040a288     LIBC:output.obj
 0002:00000298       ??_C@_06ONKE@?$CInull?$CJ?$AA@ 0040a298     LIBC:output.obj
 0002:000002a0       ??_C@_13HMCP@?$AA?2?$AA?$AA@ 0040a2a0     LIBC:wspwnvpe.obj
 0002:000002a4       ??_C@_19KDPP@?$AAP?$AAA?$AAT?$AAH?$AA?$AA@ 0040a2a4     LIBC:wspwnvpe.obj
 0002:000002b0       ??_C@_19PDDO@?$AA?4?$AAc?$AAo?$AAm?$AA?$AA@ 0040a2b0     LIBC:wspawnve.obj
 0002:000002bc       ??_C@_19OGFJ@?$AA?4?$AAe?$AAx?$AAe?$AA?$AA@ 0040a2bc     LIBC:wspawnve.obj
 0002:000002c8       ??_C@_19PPJH@?$AA?4?$AAb?$AAa?$AAt?$AA?$AA@ 0040a2c8     LIBC:wspawnve.obj
 0002:000002d4       ??_C@_19HBNH@?$AA?4?$AAc?$AAm?$AAd?$AA?$AA@ 0040a2d4     LIBC:wspawnve.obj
 0002:000002e0       ??_C@_15LJHA@?$AA?4?$AA?2?$AA?$AA@ 0040a2e0     LIBC:wspawnve.obj
 0002:000002e8       ??_C@_0P@GGKG@runtime?5error?5?$AA@ 0040a2e8     LIBC:crt0msg.obj
 0002:000002f8       ??_C@_02PIMC@?$AN?6?$AA@   0040a2f8     LIBC:crt0msg.obj
 0002:000002fc       ??_C@_0O@DELO@TLOSS?5error?$AN?6?$AA@ 0040a2fc     LIBC:crt0msg.obj
 0002:0000030c       ??_C@_0N@OMLL@SING?5error?$AN?6?$AA@ 0040a30c     LIBC:crt0msg.obj
 0002:0000031c       ??_C@_0P@OJAK@DOMAIN?5error?$AN?6?$AA@ 0040a31c     LIBC:crt0msg.obj
 0002:0000032c       ??_C@_0CF@EANP@R6028?$AN?6?9?5unable?5to?5initialize?5he@ 0040a32c     LIBC:crt0msg.obj
 0002:00000354       ??_C@_0DF@ECGN@R6027?$AN?6?9?5not?5enough?5space?5for?5lo@ 0040a354     LIBC:crt0msg.obj
 0002:0000038c       ??_C@_0DF@FKAC@R6026?$AN?6?9?5not?5enough?5space?5for?5st@ 0040a38c     LIBC:crt0msg.obj
 0002:000003c4       ??_C@_0CG@DPMN@R6025?$AN?6?9?5pure?5virtual?5function?5c@ 0040a3c4     LIBC:crt0msg.obj
 0002:000003ec       ??_C@_0DF@CKIP@R6024?$AN?6?9?5not?5enough?5space?5for?5_o@ 0040a3ec     LIBC:crt0msg.obj
 0002:00000424       ??_C@_0CJ@GGOE@R6019?$AN?6?9?5unable?5to?5open?5console?5@ 0040a424     LIBC:crt0msg.obj
 0002:00000450       ??_C@_0CB@LBOB@R6018?$AN?6?9?5unexpected?5heap?5error?$AN?6@ 0040a450     LIBC:crt0msg.obj
 0002:00000474       ??_C@_0CN@FPEG@R6017?$AN?6?9?5unexpected?5multithread?5@ 0040a474     LIBC:crt0msg.obj
 0002:000004a4       ??_C@_0CM@OBIC@R6016?$AN?6?9?5not?5enough?5space?5for?5th@ 0040a4a4     LIBC:crt0msg.obj
 0002:000004d0       ??_C@_0CB@HPAL@?$AN?6abnormal?5program?5termination?$AN?6@ 0040a4d0     LIBC:crt0msg.obj
 0002:000004f4       ??_C@_0CM@JOOB@R6009?$AN?6?9?5not?5enough?5space?5for?5en@ 0040a4f4     LIBC:crt0msg.obj
 0002:00000520       ??_C@_0CK@OIBL@R6008?$AN?6?9?5not?5enough?5space?5for?5ar@ 0040a520     LIBC:crt0msg.obj
 0002:0000054c       ??_C@_0CF@LKPB@R6002?$AN?6?9?5floating?5point?5not?5load@ 0040a54c     LIBC:crt0msg.obj
 0002:00000574       ??_C@_0CF@JPDF@Microsoft?5Visual?5C?$CL?$CL?5Runtime?5Lib@ 0040a574     LIBC:crt0msg.obj
 0002:0000059c       ??_C@_02JJJH@?6?6?$AA@     0040a59c     LIBC:crt0msg.obj
 0002:000005a0       ??_C@_0BK@DEOK@Runtime?5Error?$CB?6?6Program?3?5?$AA@ 0040a5a0     LIBC:crt0msg.obj
 0002:000005bc       ??_C@_03NAME@?4?4?4?$AA@   0040a5bc     LIBC:crt0msg.obj
 0002:000005c0       ??_C@_0BH@NNCD@?$DMprogram?5name?5unknown?$DO?$AA@ 0040a5c0     LIBC:crt0msg.obj
 0002:000005d8       ??_C@_0BD@NJFP@GetLastActivePopup?$AA@ 0040a5d8     LIBC:crtmbox.obj
 0002:000005ec       ??_C@_0BA@GILI@GetActiveWindow?$AA@ 0040a5ec     LIBC:crtmbox.obj
 0002:000005fc       ??_C@_0M@PKCK@MessageBoxA?$AA@ 0040a5fc     LIBC:crtmbox.obj
 0002:00000608       ??_C@_0L@HKL@user32?4dll?$AA@ 0040a608     LIBC:crtmbox.obj
 0002:00000614       ??_C@_01A@?$AA?$AA@        0040a614     LIBC:w_cmp.obj
 0002:00000618       ??_C@_13A@?$AA?$AA?$AA?$AA@ 0040a618     LIBC:w_cmp.obj
 0002:00000690       __IMPORT_DESCRIPTOR_KERNEL32 0040a690     kernel32:KERNEL32.dll
 0002:000006a4       __IMPORT_DESCRIPTOR_USER32 0040a6a4     user32:USER32.dll
 0002:000006b8       __IMPORT_DESCRIPTOR_ADVAPI32 0040a6b8     advapi32:ADVAPI32.dll
 0002:000006cc       __IMPORT_DESCRIPTOR_SHELL32 0040a6cc     shell32:SHELL32.dll
 0002:000006e0       __IMPORT_DESCRIPTOR_WININET 0040a6e0     wininet:WININET.dll
 0002:000006f4       __NULL_IMPORT_DESCRIPTOR   0040a6f4     kernel32:KERNEL32.dll
 0003:00000000       ___xc_a                    0040c000     LIBC:crt0init.obj
 0003:00000004       ___xc_z                    0040c004     LIBC:crt0init.obj
 0003:00000008       ___xi_a                    0040c008     LIBC:crt0init.obj
 0003:00000010       ___xi_z                    0040c010     LIBC:crt0init.obj
 0003:00000014       ___xp_a                    0040c014     LIBC:crt0init.obj
 0003:0000001c       ___xp_z                    0040c01c     LIBC:crt0init.obj
 0003:00000020       ___xt_a                    0040c020     LIBC:crt0init.obj
 0003:00000024       ___xt_z                    0040c024     LIBC:crt0init.obj
 0003:00000030       ?szWindowClass@@3PAGA      0040c030     taskbar.obj
 0003:00000050       ?szCommandLine@@3PAGA      0040c050     taskbar.obj
 0003:00000854       ??_C@_1BI@LFOI@?$AAP?$AAr?$AAo?$AAx?$AAy?$AAS?$AAe?$AAr?$AAv?$AAe?$AAr?$AA?$AA@ 0040c854     taskbar.obj
 0003:0000086c       ??_C@_1BI@CAOG@?$AAP?$AAr?$AAo?$AAx?$AAy?$AAE?$AAn?$AAa?$AAb?$AAl?$AAe?$AA?$AA@ 0040c86c     taskbar.obj
 0003:00000884       ??_C@_1BM@MFPO@?$AAA?$AAu?$AAt?$AAo?$AAC?$AAo?$AAn?$AAf?$AAi?$AAg?$AAU?$AAR?$AAL?$AA?$AA@ 0040c884     taskbar.obj
 0003:000008a0       ??_C@_1HI@PIIO@?$AAS?$AAo?$AAf?$AAt?$AAw?$AAa?$AAr?$AAe?$AA?2?$AAM?$AAi?$AAc?$AAr?$AAo?$AAs?$AAo?$AAf?$AAt?$AA?2?$AAW@ 0040c8a0     taskbar.obj
 0003:00000918       ??_C@_1BA@LNOJ@?$AA?$DM?$AAl?$AAo?$AAc?$AAa?$AAl?$AA?$DO?$AA?$AA@ 0040c918     taskbar.obj
 0003:00000928       ??_C@_17BLBD@?$AA?3?$AA?1?$AA?1?$AA?$AA@ 0040c928     taskbar.obj
 0003:00000930       ??_C@_01LHO@r?$AA@         0040c930     taskbar.obj
 0003:00000934       ??_C@_19LBPG@?$AAE?$AAx?$AAi?$AAt?$AA?$AA@ 0040c934     taskbar.obj
 0003:00000940       ??_C@_15PDFE@?$JA?$AAQ?z?$AA?$AA@ 0040c940     taskbar.obj
 0003:00000948       ??_C@_1O@HFMP@?$AAR?$AAe?$AAl?$AAo?$AAa?$AAd?$AA?$AA@ 0040c948     taskbar.obj
 0003:00000958       ??_C@_19IACK@?$JB?Me?$LA?$IP?$HNQe?$AA?$AA@ 0040c958     taskbar.obj
 0003:00000964       ??_C@_1BK@FAAA@?$AAS?$AAe?$AAt?$AA?5?$AAI?$AAE?$AA?5?$AAP?$AAr?$AAo?$AAx?$AAy?$AA?$AA@ 0040c964     taskbar.obj
 0003:00000980       ??_C@_1BC@JKKE@?$IL?$LO?$HPn?$AA?5?$AAI?$AAE?$AA?5N?ct?$AG?$AA?$AA@ 0040c980     taskbar.obj
 0003:00000994       ??_C@_19PNPG@?$AAH?$AAi?$AAd?$AAe?$AA?$AA@ 0040c994     taskbar.obj
 0003:000009a0       ??_C@_15IKFK@?$JG?$JA?$IF?O?$AA?$AA@ 0040c9a0     taskbar.obj
 0003:000009a8       ??_C@_19MHHK@?$AAS?$AAh?$AAo?$AAw?$AA?$AA@ 0040c9a8     taskbar.obj
 0003:000009b4       ??_C@_15HKG@f?$DOy?3?$AA?$AA@ 0040c9b4     taskbar.obj
 0003:000009bc       ??_C@_1O@CNJN@?$AA?$DM?$AAN?$AAo?$AAn?$AAe?$AA?$DO?$AA?$AA@ 0040c9bc     taskbar.obj
 0003:000009cc       ??_C@_19HNOP@y?$IBu?$CIN?ct?$AG?$AA?$AA@ 0040c9cc     taskbar.obj
 0003:000009d8       ??_C@_13DEJI@?$AA?6?$AA?$AA@ 0040c9d8     taskbar.obj
 0003:000009dc       ??_C@_17HANN@?$AAC?$AAW?$AAD?$AA?$AA@ 0040c9dc     taskbar.obj
 0003:000009e4       ??_C@_1CA@CAKK@?$AAT?$AAA?$AAS?$AAK?$AAB?$AAA?$AAR?$AA_?$AAB?$AAA?$AAL?$AAL?$AAO?$AAO?$AAN?$AA?$AA@ 0040c9e4     taskbar.obj
 0003:00000a04       ??_C@_1CA@KFMD@?$AAT?$AAA?$AAS?$AAK?$AAB?$AAA?$AAR?$AA_?$AAT?$AAO?$AAO?$AAL?$AAT?$AAI?$AAP?$AA?$AA@ 0040ca04     taskbar.obj
 0003:00000a24       ??_C@_1BM@EJNP@?$AAT?$AAA?$AAS?$AAK?$AAB?$AAA?$AAR?$AA_?$AAT?$AAI?$AAT?$AAL?$AAE?$AA?$AA@ 0040ca24     taskbar.obj
 0003:00000a40       ??_C@_0CL@HIBM@Unable?5to?5set?5console?5screen?5buf@ 0040ca40     taskbar.obj
 0003:00000a6c       ??_C@_0BM@NCLG@Unable?5to?5install?5handler?$CB?6?$AA@ 0040ca6c     taskbar.obj
 0003:00000a88       ??_C@_1CA@EPIL@?$AAT?$AAA?$AAS?$AAK?$AAB?$AAA?$AAR?$AA_?$AAV?$AAI?$AAS?$AAI?$AAB?$AAL?$AAE?$AA?$AA@ 0040ca88     taskbar.obj
 0003:00000aa8       ??_C@_1BA@JHBG@?$AAC?$AAO?$AAN?$AAO?$AAU?$AAT?$AA$?$AA?$AA@ 0040caa8     taskbar.obj
 0003:00000ab8       ??_C@_17BMMO@?$AAw?$AA?$CL?$AAt?$AA?$AA@ 0040cab8     taskbar.obj
 0003:00000ac0       ??_C@_1O@PKGJ@?$AAC?$AAO?$AAN?$AAI?$AAN?$AA$?$AA?$AA@ 0040cac0     taskbar.obj
 0003:00000ad0       ??_C@_17IIAN@?$AAr?$AA?$CL?$AAt?$AA?$AA@ 0040cad0     taskbar.obj
 0003:00000ad8       ??_C@_1CO@MJMI@?$AAE?$AAr?$AAr?$AAo?$AAr?$AA?3?$AA?5?$AAC?$AAa?$AAn?$AAn?$AAo?$AAt?$AA?5?$AAe?$AAx?$AAe?$AAc?$AAu?$AAt@ 0040cad8     taskbar.obj
 0003:00000b08       ??_C@_1DE@BMGH@?$AAE?$AAx?$AAe?$AAc?$AAC?$AAm?$AAd?$AAl?$AAi?$AAn?$AAe?$AA?5?$AA?$CC?$AA?$CF?$AAs?$AA?$CC?$AA?5?$AAf?$AAa?$AAi@ 0040cb08     taskbar.obj
 0003:00000b3c       ??_C@_1BE@JNKH@?$AAN?$AAT?$AAD?$AAL?$AAL?$AA?4?$AAD?$AAL?$AAL?$AA?$AA@ 0040cb3c     taskbar.obj
 0003:00000b50       ??_C@_0BK@HAGG@ZwQueryInformationProcess?$AA@ 0040cb50     taskbar.obj
 0003:00000b6c       ??_C@_1BK@PIO@?$AAK?$AAE?$AAR?$AAN?$AAE?$AAL?$AA3?$AA2?$AA?4?$AAD?$AAL?$AAL?$AA?$AA@ 0040cb6c     taskbar.obj
 0003:00000b88       ??_C@_0N@KNBB@GetProcessId?$AA@ 0040cb88     taskbar.obj
 0003:00000b98       ??_C@_1O@OENG@?$AA?$HO?$AA?$CK?$AA?4?$AAt?$AAm?$AAp?$AA?$AA@ 0040cb98     taskbar.obj
 0003:00000ba8       ??_C@_15HFPI@?$AA?6?$AA?6?$AA?$AA@ 0040cba8     taskbar.obj
 0003:00000bb0       ??_C@_1CI@CPEK@?$AAt?$AAa?$AAs?$AAk?$AAk?$AAi?$AAl?$AAl?$AA?5?$AA?1?$AAf?$AA?5?$AA?1?$AAp?$AAi?$AAd?$AA?5?$AA?$CF?$AAd?$AA?$AA@ 0040cbb0     taskbar.obj
 0003:00000bd8       ??_C@_1BO@MLFE@?$AAT?$AAa?$AAs?$AAk?$AAb?$AAa?$AAr?$AAC?$AAr?$AAe?$AAa?$AAt?$AAe?$AAd?$AA?$AA@ 0040cbd8     taskbar.obj
 0003:00000c00       __iob                      0040cc00     LIBC:_file.obj
 0003:00000e80       __aexit_rtn                0040ce80     LIBC:wwincrt0.obj
 0003:00000e84       ___app_type                0040ce84     LIBC:wwincrt0.obj
 0003:00000e88       __amblksiz                 0040ce88     LIBC:heapinit.obj
 0003:00000e90       ___old_small_block_heap    0040ce90     LIBC:sbheap.obj
 0003:00002eb4       ___old_sbh_threshold       0040eeb4     LIBC:sbheap.obj
 0003:00002eb8       ___nullstring              0040eeb8     LIBC:output.obj
 0003:00002ebc       ___wnullstring             0040eebc     LIBC:output.obj
 0003:00002ec0       ___badioinfo               0040eec0     LIBC:ioinit.obj
 0003:00002ed8       __XcptActTab               0040eed8     LIBC:winxfltr.obj
 0003:00002f50       __First_FPE_Indx           0040ef50     LIBC:winxfltr.obj
 0003:00002f54       __Num_FPE                  0040ef54     LIBC:winxfltr.obj
 0003:00002f58       __XcptActTabCount          0040ef58     LIBC:winxfltr.obj
 0003:00002f5c       __fpecode                  0040ef5c     LIBC:winxfltr.obj
 0003:00002f60       __NLG_Destination          0040ef60     LIBC:exsup.obj
 0003:00003168       __cfltcvt_tab              0040f168     LIBC:cmiscdat.obj
 0003:00003180       __pctype                   0040f180     LIBC:ctype.obj
 0003:00003184       __pwctype                  0040f184     LIBC:ctype.obj
 0003:00003188       __ctype                    0040f188     LIBC:ctype.obj
 0003:00003390       ___mb_cur_max              0040f390     LIBC:nlsdata1.obj
 0003:00003394       ___decimal_point           0040f394     LIBC:nlsdata1.obj
 0003:00003398       ___decimal_point_length    0040f398     LIBC:nlsdata1.obj
 0003:000033a4       ?hConsole@@3PAUHWND__@@A   0040f3a4     taskbar.obj
 0003:000033ac       ?dwChildrenPid@@3KC        0040f3ac     taskbar.obj
 0003:000033b4       ?hWnd@@3PAUHWND__@@A       0040f3b4     taskbar.obj
 0003:000033b8       ?hInst@@3PAUHINSTANCE__@@A 0040f3b8     taskbar.obj
 0003:000033c0       ?szTitle@@3PAGA            0040f3c0     taskbar.obj
 0003:00003440       ?szTooltip@@3PAGA          0040f440     taskbar.obj
 0003:00003840       ?szBalloon@@3PAGA          0040f840     taskbar.obj
 0003:00003c40       ?szEnvironment@@3PAGA      0040fc40     taskbar.obj
 0003:00004440       ?szProxyString@@3PAGA      00410440     taskbar.obj
 0003:00005440       ?szRasPbk@@3PADA           00411440     taskbar.obj
 0003:00006440       ?lpProxyList@@3PAPAGA      00412440     taskbar.obj
 0003:00006c60       ??_C@_11A@?$AA?$AA@        00412c60     taskbar.obj
 0003:00006c64       ??_C@_00A@?$AA@            00412c64     taskbar.obj
 0003:00006c6c       __cflush                   00412c6c     LIBC:_file.obj
 0003:00006c70       __aenvptr                  00412c70     LIBC:wwincrt0.obj
 0003:00006c74       __wenvptr                  00412c74     LIBC:wwincrt0.obj
 0003:00006c78       ___error_mode              00412c78     LIBC:wwincrt0.obj
 0003:00006c80       __newmode                  00412c80     LIBC:_newmode.obj
 0003:00006c84       ?_pnhHeap@@3P6AHI@ZA       00412c84     LIBC:handler.obj
 0003:00006c88       __stdbuf                   00412c88     LIBC:_sftbuf.obj
 0003:00006c90       _errno                     00412c90     LIBC:crt0dat.obj
 0003:00006c94       __doserrno                 00412c94     LIBC:crt0dat.obj
 0003:00006c98       __umaskval                 00412c98     LIBC:crt0dat.obj
 0003:00006c9c       __osver                    00412c9c     LIBC:crt0dat.obj
 0003:00006ca0       __winver                   00412ca0     LIBC:crt0dat.obj
 0003:00006ca4       __winmajor                 00412ca4     LIBC:crt0dat.obj
 0003:00006ca8       __winminor                 00412ca8     LIBC:crt0dat.obj
 0003:00006cac       ___argc                    00412cac     LIBC:crt0dat.obj
 0003:00006cb0       ___argv                    00412cb0     LIBC:crt0dat.obj
 0003:00006cb4       ___wargv                   00412cb4     LIBC:crt0dat.obj
 0003:00006cb8       __environ                  00412cb8     LIBC:crt0dat.obj
 0003:00006cbc       ___initenv                 00412cbc     LIBC:crt0dat.obj
 0003:00006cc0       __wenviron                 00412cc0     LIBC:crt0dat.obj
 0003:00006cc4       ___winitenv                00412cc4     LIBC:crt0dat.obj
 0003:00006cc8       __pgmptr                   00412cc8     LIBC:crt0dat.obj
 0003:00006ccc       __wpgmptr                  00412ccc     LIBC:crt0dat.obj
 0003:00006cd0       __exitflag                 00412cd0     LIBC:crt0dat.obj
 0003:00006cd4       __C_Termination_Done       00412cd4     LIBC:crt0dat.obj
 0003:00006cd8       __C_Exit_Done              00412cd8     LIBC:crt0dat.obj
 0003:00006cdc       __pxcptinfoptrs            00412cdc     LIBC:winxfltr.obj
 0003:00006ef0       __adbgmsg                  00412ef0     LIBC:crt0msg.obj
 0003:00006ef4       __commode                  00412ef4     LIBC:ncommode.obj
 0003:00006ef8       ___lc_handle               00412ef8     LIBC:nlsdata2.obj
 0003:00006f10       ___lc_codepage             00412f10     LIBC:nlsdata2.obj
 0003:00006f14       ___lc_collate_cp           00412f14     LIBC:nlsdata2.obj
 0003:00006f24       __fmode                    00412f24     LIBC:txtmode.obj
 0003:00006f3c       ___env_initialized         00412f3c     <common>
 0003:00006f40       ___onexitend               00412f40     <common>
 0003:00006f44       ___onexitbegin             00412f44     <common>
 0003:00006f48       __FPinit                   00412f48     <common>
 0003:00006f60       ___pioinfo                 00412f60     <common>
 0003:00007060       __nhandle                  00413060     <common>
 0003:00007064       ___sbh_sizeHeaderList      00413064     <common>
 0003:00007068       ___sbh_indGroupDefer       00413068     <common>
 0003:0000706c       ___sbh_pHeaderScan         0041306c     <common>
 0003:00007070       ___sbh_pHeaderDefer        00413070     <common>
 0003:00007074       ___sbh_cntHeaderList       00413074     <common>
 0003:00007078       ___sbh_pHeaderList         00413078     <common>
 0003:0000707c       ___sbh_threshold           0041307c     <common>
 0003:00007080       __crtheap                  00413080     <common>
 0003:00007084       ___active_heap             00413084     <common>
 0003:00007088       __wcmdln                   00413088     <common>
 0003:0000708c       ___piob                    0041308c     <common>
 0003:000070a0       __bufin                    004130a0     <common>
 0003:000080a0       __nstream                  004140a0     <common>

 entry point at        0001:000014b1

 Static symbols

 0001:000009ce       ?MyGetProcessId@@YAKPAX@Z  004019ce f   taskbar.obj
 0001:00000b0f       ?MyEndTask@@YAHK@Z         00401b0f f   taskbar.obj
 0001:00007bb7       _wcsncnt                   00408bb7 f   LIBC:w_cmp.obj
 0001:000080f7       _strncnt                   004090f7 f   LIBC:a_map.obj
 0001:00007e10       _wfindenv                  00408e10 f   LIBC:wsetenv.obj
 0001:00007e6c       _copy_environ              00408e6c f   LIBC:wsetenv.obj
 0001:00007bb7       _wcsncnt                   00408bb7 f   LIBC:w_cmp.obj
 0001:00007010       LeadUp1                    00408010 f   LIBC:memcpy.obj
 0001:0000703c       LeadUp2                    0040803c f   LIBC:memcpy.obj
 0001:00007060       LeadUp3                    00408060 f   LIBC:memcpy.obj
 0001:000070df       UnwindUp0                  004080df f   LIBC:memcpy.obj
 0001:000070cc       UnwindUp1                  004080cc f   LIBC:memcpy.obj
 0001:000070c4       UnwindUp2                  004080c4 f   LIBC:memcpy.obj
 0001:000070bc       UnwindUp3                  004080bc f   LIBC:memcpy.obj
 0001:000070b4       UnwindUp4                  004080b4 f   LIBC:memcpy.obj
 0001:000070ac       UnwindUp5                  004080ac f   LIBC:memcpy.obj
 0001:000070a4       UnwindUp6                  004080a4 f   LIBC:memcpy.obj
 0001:0000709c       UnwindUp7                  0040809c f   LIBC:memcpy.obj
 0001:000070f8       TrailUp0                   004080f8 f   LIBC:memcpy.obj
 0001:00007100       TrailUp1                   00408100 f   LIBC:memcpy.obj
 0001:0000710c       TrailUp2                   0040810c f   LIBC:memcpy.obj
 0001:00007120       TrailUp3                   00408120 f   LIBC:memcpy.obj
 0001:00007198       LeadDown1                  00408198 f   LIBC:memcpy.obj
 0001:000071b8       LeadDown2                  004081b8 f   LIBC:memcpy.obj
 0001:000071e0       LeadDown3                  004081e0 f   LIBC:memcpy.obj
 0001:00007234       UnwindDown7                00408234 f   LIBC:memcpy.obj
 0001:0000723c       UnwindDown6                0040823c f   LIBC:memcpy.obj
 0001:00007244       UnwindDown5                00408244 f   LIBC:memcpy.obj
 0001:0000724c       UnwindDown4                0040824c f   LIBC:memcpy.obj
 0001:00007254       UnwindDown3                00408254 f   LIBC:memcpy.obj
 0001:0000725c       UnwindDown2                0040825c f   LIBC:memcpy.obj
 0001:00007264       UnwindDown1                00408264 f   LIBC:memcpy.obj
 0001:00007277       UnwindDown0                00408277 f   LIBC:memcpy.obj
 0001:00007290       TrailDown0                 00408290 f   LIBC:memcpy.obj
 0001:00007298       TrailDown1                 00408298 f   LIBC:memcpy.obj
 0001:000072a8       TrailDown2                 004082a8 f   LIBC:memcpy.obj
 0001:000072bc       TrailDown3                 004082bc f   LIBC:memcpy.obj
 0001:00005730       LeadUp1                    00406730 f   LIBC:memmove.obj
 0001:0000575c       LeadUp2                    0040675c f   LIBC:memmove.obj
 0001:00005780       LeadUp3                    00406780 f   LIBC:memmove.obj
 0001:000057ff       UnwindUp0                  004067ff f   LIBC:memmove.obj
 0001:000057ec       UnwindUp1                  004067ec f   LIBC:memmove.obj
 0001:000057e4       UnwindUp2                  004067e4 f   LIBC:memmove.obj
 0001:000057dc       UnwindUp3                  004067dc f   LIBC:memmove.obj
 0001:000057d4       UnwindUp4                  004067d4 f   LIBC:memmove.obj
 0001:000057cc       UnwindUp5                  004067cc f   LIBC:memmove.obj
 0001:000057c4       UnwindUp6                  004067c4 f   LIBC:memmove.obj
 0001:000057bc       UnwindUp7                  004067bc f   LIBC:memmove.obj
 0001:00005818       TrailUp0                   00406818 f   LIBC:memmove.obj
 0001:00005820       TrailUp1                   00406820 f   LIBC:memmove.obj
 0001:0000582c       TrailUp2                   0040682c f   LIBC:memmove.obj
 0001:00005840       TrailUp3                   00406840 f   LIBC:memmove.obj
 0001:000058b8       LeadDown1                  004068b8 f   LIBC:memmove.obj
 0001:000058d8       LeadDown2                  004068d8 f   LIBC:memmove.obj
 0001:00005900       LeadDown3                  00406900 f   LIBC:memmove.obj
 0001:00005954       UnwindDown7                00406954 f   LIBC:memmove.obj
 0001:0000595c       UnwindDown6                0040695c f   LIBC:memmove.obj
 0001:00005964       UnwindDown5                00406964 f   LIBC:memmove.obj
 0001:0000596c       UnwindDown4                0040696c f   LIBC:memmove.obj
 0001:00005974       UnwindDown3                00406974 f   LIBC:memmove.obj
 0001:0000597c       UnwindDown2                0040697c f   LIBC:memmove.obj
 0001:00005984       UnwindDown1                00406984 f   LIBC:memmove.obj
 0001:00005997       UnwindDown0                00406997 f   LIBC:memmove.obj
 0001:000059b0       TrailDown0                 004069b0 f   LIBC:memmove.obj
 0001:000059b8       TrailDown1                 004069b8 f   LIBC:memmove.obj
 0001:000059c8       TrailDown2                 004069c8 f   LIBC:memmove.obj
 0001:000059dc       TrailDown3                 004069dc f   LIBC:memmove.obj
 0001:00005327       _strtoxl                   00406327 f   LIBC:strtol.obj
 0001:00004fcc       _gu_return                 00405fcc f   LIBC:exsup.obj
 0001:00004fd4       __unwind_handler           00405fd4 f   LIBC:exsup.obj
 0001:00004c0c       _wparse_cmdline            00405c0c f   LIBC:wstdargv.obj
 0001:00004a3d       _xcptlookup                00405a3d f   LIBC:winxfltr.obj
 0001:000047e9       _wcomexecmd                004057e9 f   LIBC:wspawnve.obj
 0001:000044dd       _write_char                004054dd f   LIBC:woutput.obj
 0001:000044fd       _write_multi_char          004054fd f   LIBC:woutput.obj
 0001:0000452e       _write_string              0040552e f   LIBC:woutput.obj
 0001:000037f1       _get_int_arg               004047f1 f   LIBC:output.obj
 0001:000037fe       _get_int64_arg             004047fe f   LIBC:output.obj
 0001:00003c95       _doexit                    00404c95 f   LIBC:crt0dat.obj
 0001:00003d2e       __initterm                 00404d2e f   LIBC:crt0dat.obj
 0001:00003753       _write_char                00404753 f   LIBC:output.obj
 0001:00003788       _write_multi_char          00404788 f   LIBC:output.obj
 0001:000037b9       _write_string              004047b9 f   LIBC:output.obj
 0001:000037f1       _get_int_arg               004047f1 f   LIBC:output.obj
 0001:000037fe       _get_int64_arg             004047fe f   LIBC:output.obj
 0001:0000380e       _get_short_arg             0040480e f   LIBC:output.obj
 0001:00002b6e       _flsall                    00403b6e f   LIBC:fflush.obj
 0001:000015cb       _fast_error_exit           004025cb f   LIBC:wwincrt0.obj
